[demos.adminmart.com/premium/bootstrap/modernize-bootstrap/package/html/horizontal/index.html]
[backblue.gif]
[fade.gif]
[index.html]
[demos.adminmart.com/premium/bootstrap/modernize-bootstrap/package/dist/libs/owl.carousel/dist/assets/owl.carousel.min.css]
[demos.adminmart.com/premium/bootstrap/modernize-bootstrap/package/dist/css/style.min.css]
[demos.adminmart.com/premium/bootstrap/modernize-bootstrap/package/html/horizontal/app-chat.html]
[demos.adminmart.com/premium/bootstrap/modernize-bootstrap/package/html/horizontal/app-invoice.html]
[demos.adminmart.com/premium/bootstrap/modernize-bootstrap/package/html/horizontal/app-contact2.html]
[demos.adminmart.com/premium/bootstrap/modernize-bootstrap/package/html/horizontal/app-email.html]
[demos.adminmart.com/premium/bootstrap/modernize-bootstrap/package/html/horizontal/page-user-profile.html]
[demos.adminmart.com/premium/bootstrap/modernize-bootstrap/package/html/horizontal/app-calendar.html]
[demos.adminmart.com/premium/bootstrap/modernize-bootstrap/package/html/horizontal/app-contact.html]
[demos.adminmart.com/premium/bootstrap/modernize-bootstrap/package/html/horizontal/app-notes.html]
[demos.adminmart.com/premium/bootstrap/modernize-bootstrap/package/html/horizontal/page-pricing.html]
[demos.adminmart.com/premium/bootstrap/modernize-bootstrap/package/html/horizontal/authentication-login.html]
[demos.adminmart.com/premium/bootstrap/modernize-bootstrap/package/html/horizontal/authentication-register.html]
[demos.adminmart.com/premium/bootstrap/modernize-bootstrap/package/html/horizontal/authentication-error.html]
[demos.adminmart.com/premium/bootstrap/modernize-bootstrap/package/html/horizontal/page-account-settings.html]
[demos.adminmart.com/premium/bootstrap/modernize-bootstrap/package/dist/images/profile/user-1.jpg]
[demos.adminmart.com/premium/bootstrap/modernize-bootstrap/package/dist/images/profile/user-2.jpg]
[demos.adminmart.com/premium/bootstrap/modernize-bootstrap/package/dist/images/profile/user-3.jpg]
[demos.adminmart.com/premium/bootstrap/modernize-bootstrap/package/dist/images/profile/user-4.jpg]
[demos.adminmart.com/premium/bootstrap/modernize-bootstrap/package/dist/images/profile/user-5.jpg]
[demos.adminmart.com/premium/bootstrap/modernize-bootstrap/package/dist/images/backgrounds/unlimited-bg.png]
[demos.adminmart.com/premium/bootstrap/modernize-bootstrap/package/html/horizontal/index2.html]
[demos.adminmart.com/premium/bootstrap/modernize-bootstrap/package/html/horizontal/index3.html]
[demos.adminmart.com/premium/bootstrap/modernize-bootstrap/package/html/horizontal/index4.html]
[demos.adminmart.com/premium/bootstrap/modernize-bootstrap/package/html/horizontal/index5.html]
[demos.adminmart.com/premium/bootstrap/modernize-bootstrap/package/html/horizontal/index6.html]
[demos.adminmart.com/premium/bootstrap/modernize-bootstrap/package/html/horizontal/apps-kanban.html]
[demos.adminmart.com/premium/bootstrap/modernize-bootstrap/package/html/horizontal/blog-posts.html]
[demos.adminmart.com/premium/bootstrap/modernize-bootstrap/package/html/horizontal/blog-detail.html]
[demos.adminmart.com/premium/bootstrap/modernize-bootstrap/package/html/horizontal/eco-shop.html]
[demos.adminmart.com/premium/bootstrap/modernize-bootstrap/package/html/horizontal/eco-shop-detail.html]
[demos.adminmart.com/premium/bootstrap/modernize-bootstrap/package/html/horizontal/eco-product-list.html]
[demos.adminmart.com/premium/bootstrap/modernize-bootstrap/package/html/horizontal/eco-checkout.html]
[demos.adminmart.com/premium/bootstrap/modernize-bootstrap/package/html/horizontal/page-faq.html]
[demos.adminmart.com/premium/bootstrap/modernize-bootstrap/package/html/horizontal/widgets-cards.html]
[demos.adminmart.com/premium/bootstrap/modernize-bootstrap/package/html/horizontal/widgets-banners.html]
[demos.adminmart.com/premium/bootstrap/modernize-bootstrap/package/html/horizontal/widgets-charts.html]
[demos.adminmart.com/premium/bootstrap/modernize-bootstrap/package/html/horizontal/ui-accordian.html]
[demos.adminmart.com/premium/bootstrap/modernize-bootstrap/package/html/horizontal/ui-badge.html]
[demos.adminmart.com/premium/bootstrap/modernize-bootstrap/package/html/horizontal/ui-buttons.html]
[demos.adminmart.com/premium/bootstrap/modernize-bootstrap/package/html/horizontal/ui-dropdowns.html]
[demos.adminmart.com/premium/bootstrap/modernize-bootstrap/package/html/horizontal/ui-modals.html]
[demos.adminmart.com/premium/bootstrap/modernize-bootstrap/package/html/horizontal/ui-tab.html]
[demos.adminmart.com/premium/bootstrap/modernize-bootstrap/package/html/horizontal/ui-tooltip-popover.html]
[demos.adminmart.com/premium/bootstrap/modernize-bootstrap/package/html/horizontal/ui-notification.html]
[demos.adminmart.com/premium/bootstrap/modernize-bootstrap/package/html/horizontal/ui-progressbar.html]
[demos.adminmart.com/premium/bootstrap/modernize-bootstrap/package/html/horizontal/ui-pagination.html]
[demos.adminmart.com/premium/bootstrap/modernize-bootstrap/package/html/horizontal/ui-typography.html]
[demos.adminmart.com/premium/bootstrap/modernize-bootstrap/package/html/horizontal/ui-bootstrap-ui.html]
[demos.adminmart.com/premium/bootstrap/modernize-bootstrap/package/html/horizontal/ui-breadcrumb.html]
[demos.adminmart.com/premium/bootstrap/modernize-bootstrap/package/html/horizontal/ui-offcanvas.html]
[demos.adminmart.com/premium/bootstrap/modernize-bootstrap/package/html/horizontal/ui-lists.html]
[demos.adminmart.com/premium/bootstrap/modernize-bootstrap/package/html/horizontal/ui-grid.html]
[demos.adminmart.com/premium/bootstrap/modernize-bootstrap/package/html/horizontal/ui-carousel.html]
[demos.adminmart.com/premium/bootstrap/modernize-bootstrap/package/html/horizontal/ui-scrollspy.html]
[demos.adminmart.com/premium/bootstrap/modernize-bootstrap/package/html/horizontal/ui-spinner.html]
[demos.adminmart.com/premium/bootstrap/modernize-bootstrap/package/html/horizontal/ui-link.html]
[demos.adminmart.com/premium/bootstrap/modernize-bootstrap/package/html/horizontal/form-inputs.html]
[demos.adminmart.com/premium/bootstrap/modernize-bootstrap/package/html/horizontal/form-input-groups.html]
[demos.adminmart.com/premium/bootstrap/modernize-bootstrap/package/html/horizontal/form-input-grid.html]
[demos.adminmart.com/premium/bootstrap/modernize-bootstrap/package/html/horizontal/form-checkbox-radio.html]
[demos.adminmart.com/premium/bootstrap/modernize-bootstrap/package/html/horizontal/form-bootstrap-touchspin.html]
[demos.adminmart.com/premium/bootstrap/modernize-bootstrap/package/html/horizontal/form-bootstrap-switch.html]
[demos.adminmart.com/premium/bootstrap/modernize-bootstrap/package/html/horizontal/form-select2.html]
[demos.adminmart.com/premium/bootstrap/modernize-bootstrap/package/html/horizontal/form-dual-listbox.html]
[demos.adminmart.com/premium/bootstrap/modernize-bootstrap/package/html/horizontal/form-basic.html]
[demos.adminmart.com/premium/bootstrap/modernize-bootstrap/package/html/horizontal/form-vertical.html]
[demos.adminmart.com/premium/bootstrap/modernize-bootstrap/package/html/horizontal/form-horizontal.html]
[demos.adminmart.com/premium/bootstrap/modernize-bootstrap/package/html/horizontal/form-actions.html]
[demos.adminmart.com/premium/bootstrap/modernize-bootstrap/package/html/horizontal/form-row-separator.html]
[demos.adminmart.com/premium/bootstrap/modernize-bootstrap/package/html/horizontal/form-bordered.html]
[demos.adminmart.com/premium/bootstrap/modernize-bootstrap/package/html/horizontal/form-detail.html]
[demos.adminmart.com/premium/bootstrap/modernize-bootstrap/package/html/horizontal/form-wizard.html]
[demos.adminmart.com/premium/bootstrap/modernize-bootstrap/package/html/horizontal/form-editor-quill.html]
[demos.adminmart.com/premium/bootstrap/modernize-bootstrap/package/html/horizontal/table-basic.html]
[demos.adminmart.com/premium/bootstrap/modernize-bootstrap/package/html/horizontal/table-dark-basic.html]
[demos.adminmart.com/premium/bootstrap/modernize-bootstrap/package/html/horizontal/table-sizing.html]
[demos.adminmart.com/premium/bootstrap/modernize-bootstrap/package/html/horizontal/table-layout-coloured.html]
[demos.adminmart.com/premium/bootstrap/modernize-bootstrap/package/html/horizontal/table-datatable-basic.html]
[demos.adminmart.com/premium/bootstrap/modernize-bootstrap/package/html/horizontal/table-datatable-api.html]
[demos.adminmart.com/premium/bootstrap/modernize-bootstrap/package/html/horizontal/table-datatable-advanced.html]
[demos.adminmart.com/premium/bootstrap/modernize-bootstrap/package/html/horizontal/chart-apex-line.html]
[demos.adminmart.com/premium/bootstrap/modernize-bootstrap/package/html/horizontal/chart-apex-area.html]
[demos.adminmart.com/premium/bootstrap/modernize-bootstrap/package/html/horizontal/chart-apex-bar.html]
[demos.adminmart.com/premium/bootstrap/modernize-bootstrap/package/html/horizontal/chart-apex-pie.html]
[demos.adminmart.com/premium/bootstrap/modernize-bootstrap/package/html/horizontal/chart-apex-radial.html]
[demos.adminmart.com/premium/bootstrap/modernize-bootstrap/package/html/horizontal/chart-apex-radar.html]
[demos.adminmart.com/premium/bootstrap/modernize-bootstrap/package/html/horizontal/icon-tabler.html]
[demos.adminmart.com/premium/bootstrap/modernize-bootstrap/package/dist/images/backgrounds/rocket.png]
[demos.adminmart.com/premium/bootstrap/modernize-bootstrap/package/dist/images/backgrounds/piggy.png]
[demos.adminmart.com/premium/bootstrap/modernize-bootstrap/package/dist/images/products/product-1.jpg]
[demos.adminmart.com/premium/bootstrap/modernize-bootstrap/package/dist/images/products/product-2.jpg]
[demos.adminmart.com/premium/bootstrap/modernize-bootstrap/package/dist/images/products/product-3.jpg]
[demos.adminmart.com/premium/bootstrap/modernize-bootstrap/package/dist/css/style-aqua.min.css]
[demos.adminmart.com/premium/bootstrap/modernize-bootstrap/package/dist/css/style-dark.min.css]
[demos.adminmart.com/premium/bootstrap/modernize-bootstrap/package/dist/css/style-purple.min.css]
[demos.adminmart.com/premium/bootstrap/modernize-bootstrap/package/dist/css/style-cyan.min.css]
[demos.adminmart.com/premium/bootstrap/modernize-bootstrap/package/dist/css/style-green.min.css]
[demos.adminmart.com/premium/bootstrap/modernize-bootstrap/package/dist/libs/jquery/dist/jquery.min.js]
[demos.adminmart.com/premium/bootstrap/modernize-bootstrap/package/dist/css/style-orange.min.css]
[demos.adminmart.com/premium/bootstrap/modernize-bootstrap/package/dist/libs/simplebar/dist/simplebar.min.js]
[demos.adminmart.com/premium/bootstrap/modernize-bootstrap/package/dist/libs/bootstrap/dist/js/bootstrap.bundle.min.js]
[demos.adminmart.com/premium/bootstrap/modernize-bootstrap/package/dist/js/app.min.js]
[demos.adminmart.com/premium/bootstrap/modernize-bootstrap/package/dist/js/app.horizontal.init.js]
[demos.adminmart.com/premium/bootstrap/modernize-bootstrap/package/dist/js/app-style-switcher.js]
[demos.adminmart.com/premium/bootstrap/modernize-bootstrap/package/dist/js/sidebarmenu.js]
[demos.adminmart.com/premium/bootstrap/modernize-bootstrap/package/dist/js/custom.js]
[demos.adminmart.com/premium/bootstrap/modernize-bootstrap/package/dist/libs/owl.carousel/dist/owl.carousel.min.js]
[demos.adminmart.com/premium/bootstrap/modernize-bootstrap/package/html/horizontal/index.html]
[demos.adminmart.com/premium/bootstrap/modernize-bootstrap/package/dist/js/dashboard.js]
[demos.adminmart.com/premium/bootstrap/modernize-bootstrap/package/dist/libs/owl.carousel/dist/assets/owl.video.play.png]
[demos.adminmart.com/premium/bootstrap/modernize-bootstrap/package/dist/libs/owl.carousel/dist/assets/owl.carousel.min.css]
[demos.adminmart.com/premium/bootstrap/modernize-bootstrap/package/dist/css/icons/crypto-icons/cryptocoins.woff2]
[demos.adminmart.com/premium/bootstrap/modernize-bootstrap/package/dist/libs/apexcharts/dist/apexcharts.min.js]
[demos.adminmart.com/premium/bootstrap/modernize-bootstrap/package/dist/css/icons/crypto-icons/cryptocoins.woff]
[demos.adminmart.com/premium/bootstrap/modernize-bootstrap/package/dist/css/icons/crypto-icons/cryptocoins.ttf]
[demos.adminmart.com/premium/bootstrap/modernize-bootstrap/package/dist/css/icons/tabler-icons/fonts/tabler-icons2d35.eot]
[demos.adminmart.com/premium/bootstrap/modernize-bootstrap/package/dist/css/icons/tabler-icons/fonts/tabler-iconsd41d.eot]
[demos.adminmart.com/premium/bootstrap/modernize-bootstrap/package/dist/css/icons/tabler-icons/fonts/tabler-icons2d35.woff2]
[demos.adminmart.com/premium/bootstrap/modernize-bootstrap/package/dist/css/icons/tabler-icons/fonts/tabler-iconsd41d.woff]
[demos.adminmart.com/premium/bootstrap/modernize-bootstrap/package/dist/css/icons/flag-icon-css/flags/ad.svg]
[demos.adminmart.com/premium/bootstrap/modernize-bootstrap/package/dist/css/icons/flag-icon-css/flags/ae.svg]
[demos.adminmart.com/premium/bootstrap/modernize-bootstrap/package/dist/css/icons/flag-icon-css/flags/af.svg]
[demos.adminmart.com/premium/bootstrap/modernize-bootstrap/package/dist/css/icons/flag-icon-css/flags/ag.svg]
[demos.adminmart.com/premium/bootstrap/modernize-bootstrap/package/dist/css/icons/flag-icon-css/flags/ai.svg]
[demos.adminmart.com/premium/bootstrap/modernize-bootstrap/package/dist/css/icons/flag-icon-css/flags/al.svg]
[demos.adminmart.com/premium/bootstrap/modernize-bootstrap/package/dist/css/icons/flag-icon-css/flags/am.svg]
[demos.adminmart.com/premium/bootstrap/modernize-bootstrap/package/dist/css/icons/flag-icon-css/flags/ao.svg]
[demos.adminmart.com/premium/bootstrap/modernize-bootstrap/package/dist/css/icons/flag-icon-css/flags/aq.svg]
[demos.adminmart.com/premium/bootstrap/modernize-bootstrap/package/dist/css/icons/flag-icon-css/flags/ar.svg]
[demos.adminmart.com/premium/bootstrap/modernize-bootstrap/package/dist/css/icons/flag-icon-css/flags/as.svg]
[demos.adminmart.com/premium/bootstrap/modernize-bootstrap/package/dist/css/icons/flag-icon-css/flags/at.svg]
[demos.adminmart.com/premium/bootstrap/modernize-bootstrap/package/dist/css/icons/flag-icon-css/flags/au.svg]
[demos.adminmart.com/premium/bootstrap/modernize-bootstrap/package/dist/css/icons/flag-icon-css/flags/aw.svg]
[demos.adminmart.com/premium/bootstrap/modernize-bootstrap/package/dist/css/icons/tabler-icons/fonts/tabler-icons2d35.ttf]
[demos.adminmart.com/premium/bootstrap/modernize-bootstrap/package/dist/css/icons/flag-icon-css/flags/ax.svg]
[demos.adminmart.com/premium/bootstrap/modernize-bootstrap/package/dist/css/icons/flag-icon-css/flags/az.svg]
[demos.adminmart.com/premium/bootstrap/modernize-bootstrap/package/dist/css/icons/flag-icon-css/flags/ba.svg]
[demos.adminmart.com/premium/bootstrap/modernize-bootstrap/package/dist/css/icons/flag-icon-css/flags/bb.svg]
[demos.adminmart.com/premium/bootstrap/modernize-bootstrap/package/dist/css/icons/flag-icon-css/flags/bd.svg]
[demos.adminmart.com/premium/bootstrap/modernize-bootstrap/package/dist/css/icons/flag-icon-css/flags/be.svg]
[demos.adminmart.com/premium/bootstrap/modernize-bootstrap/package/dist/css/icons/flag-icon-css/flags/bf.svg]
[demos.adminmart.com/premium/bootstrap/modernize-bootstrap/package/dist/css/icons/flag-icon-css/flags/bg.svg]
[demos.adminmart.com/premium/bootstrap/modernize-bootstrap/package/dist/css/icons/flag-icon-css/flags/bh.svg]
[demos.adminmart.com/premium/bootstrap/modernize-bootstrap/package/dist/css/icons/flag-icon-css/flags/bi.svg]
[demos.adminmart.com/premium/bootstrap/modernize-bootstrap/package/dist/css/icons/flag-icon-css/flags/bj.svg]
[demos.adminmart.com/premium/bootstrap/modernize-bootstrap/package/dist/css/icons/flag-icon-css/flags/bl.svg]
[demos.adminmart.com/premium/bootstrap/modernize-bootstrap/package/dist/css/icons/flag-icon-css/flags/bm.svg]
[demos.adminmart.com/premium/bootstrap/modernize-bootstrap/package/dist/css/icons/flag-icon-css/flags/bn.svg]
[demos.adminmart.com/premium/bootstrap/modernize-bootstrap/package/dist/css/icons/flag-icon-css/flags/bo.svg]
[demos.adminmart.com/premium/bootstrap/modernize-bootstrap/package/dist/css/icons/flag-icon-css/flags/bq.svg]
[demos.adminmart.com/premium/bootstrap/modernize-bootstrap/package/dist/css/icons/flag-icon-css/flags/br.svg]
[demos.adminmart.com/premium/bootstrap/modernize-bootstrap/package/dist/css/icons/flag-icon-css/flags/bs.svg]
[demos.adminmart.com/premium/bootstrap/modernize-bootstrap/package/dist/css/icons/flag-icon-css/flags/bt.svg]
[demos.adminmart.com/premium/bootstrap/modernize-bootstrap/package/dist/css/icons/flag-icon-css/flags/bv.svg]
[demos.adminmart.com/premium/bootstrap/modernize-bootstrap/package/dist/css/icons/flag-icon-css/flags/bw.svg]
[demos.adminmart.com/premium/bootstrap/modernize-bootstrap/package/dist/css/icons/flag-icon-css/flags/by.svg]
[demos.adminmart.com/premium/bootstrap/modernize-bootstrap/package/dist/css/icons/flag-icon-css/flags/bz.svg]
[demos.adminmart.com/premium/bootstrap/modernize-bootstrap/package/dist/css/icons/flag-icon-css/flags/ca.svg]
[demos.adminmart.com/premium/bootstrap/modernize-bootstrap/package/dist/css/icons/flag-icon-css/flags/cc.svg]
[demos.adminmart.com/premium/bootstrap/modernize-bootstrap/package/dist/css/icons/flag-icon-css/flags/cd.svg]
[demos.adminmart.com/premium/bootstrap/modernize-bootstrap/package/dist/css/icons/flag-icon-css/flags/cf.svg]
[demos.adminmart.com/premium/bootstrap/modernize-bootstrap/package/dist/css/icons/flag-icon-css/flags/cg.svg]
[demos.adminmart.com/premium/bootstrap/modernize-bootstrap/package/dist/css/icons/flag-icon-css/flags/ch.svg]
[demos.adminmart.com/premium/bootstrap/modernize-bootstrap/package/dist/css/icons/flag-icon-css/flags/ci.svg]
[demos.adminmart.com/premium/bootstrap/modernize-bootstrap/package/dist/css/icons/flag-icon-css/flags/ck.svg]
[demos.adminmart.com/premium/bootstrap/modernize-bootstrap/package/dist/css/icons/flag-icon-css/flags/cl.svg]
[demos.adminmart.com/premium/bootstrap/modernize-bootstrap/package/dist/css/icons/flag-icon-css/flags/cm.svg]
[demos.adminmart.com/premium/bootstrap/modernize-bootstrap/package/dist/css/icons/flag-icon-css/flags/cn.svg]
[demos.adminmart.com/premium/bootstrap/modernize-bootstrap/package/dist/css/icons/flag-icon-css/flags/co.svg]
[demos.adminmart.com/premium/bootstrap/modernize-bootstrap/package/dist/css/icons/flag-icon-css/flags/cr.svg]
[demos.adminmart.com/premium/bootstrap/modernize-bootstrap/package/dist/css/icons/flag-icon-css/flags/cu.svg]
[demos.adminmart.com/premium/bootstrap/modernize-bootstrap/package/dist/css/icons/flag-icon-css/flags/cv.svg]
[demos.adminmart.com/premium/bootstrap/modernize-bootstrap/package/dist/css/icons/flag-icon-css/flags/cw.svg]
[demos.adminmart.com/premium/bootstrap/modernize-bootstrap/package/dist/css/icons/flag-icon-css/flags/cx.svg]
[demos.adminmart.com/premium/bootstrap/modernize-bootstrap/package/dist/css/icons/flag-icon-css/flags/cy.svg]
[demos.adminmart.com/premium/bootstrap/modernize-bootstrap/package/dist/css/icons/flag-icon-css/flags/cz.svg]
[demos.adminmart.com/premium/bootstrap/modernize-bootstrap/package/dist/css/icons/flag-icon-css/flags/de.svg]
[demos.adminmart.com/premium/bootstrap/modernize-bootstrap/package/dist/css/icons/flag-icon-css/flags/dj.svg]
[demos.adminmart.com/premium/bootstrap/modernize-bootstrap/package/dist/css/icons/flag-icon-css/flags/dk.svg]
[demos.adminmart.com/premium/bootstrap/modernize-bootstrap/package/dist/css/icons/flag-icon-css/flags/dm.svg]
[demos.adminmart.com/premium/bootstrap/modernize-bootstrap/package/dist/css/icons/flag-icon-css/flags/do.svg]
[demos.adminmart.com/premium/bootstrap/modernize-bootstrap/package/dist/css/icons/flag-icon-css/flags/dz.svg]
[demos.adminmart.com/premium/bootstrap/modernize-bootstrap/package/dist/css/icons/flag-icon-css/flags/ec.svg]
[demos.adminmart.com/premium/bootstrap/modernize-bootstrap/package/dist/css/icons/flag-icon-css/flags/ee.svg]
[demos.adminmart.com/premium/bootstrap/modernize-bootstrap/package/dist/css/icons/flag-icon-css/flags/eg.svg]
[demos.adminmart.com/premium/bootstrap/modernize-bootstrap/package/dist/css/icons/flag-icon-css/flags/eh.svg]
[demos.adminmart.com/premium/bootstrap/modernize-bootstrap/package/dist/css/icons/flag-icon-css/flags/er.svg]
[demos.adminmart.com/premium/bootstrap/modernize-bootstrap/package/dist/css/icons/flag-icon-css/flags/es.svg]
[demos.adminmart.com/premium/bootstrap/modernize-bootstrap/package/dist/css/icons/flag-icon-css/flags/et.svg]
[demos.adminmart.com/premium/bootstrap/modernize-bootstrap/package/dist/css/icons/flag-icon-css/flags/fi.svg]
[demos.adminmart.com/premium/bootstrap/modernize-bootstrap/package/dist/css/icons/flag-icon-css/flags/fj.svg]
[demos.adminmart.com/premium/bootstrap/modernize-bootstrap/package/dist/css/icons/flag-icon-css/flags/fk.svg]
[demos.adminmart.com/premium/bootstrap/modernize-bootstrap/package/dist/css/icons/flag-icon-css/flags/fm.svg]
[demos.adminmart.com/premium/bootstrap/modernize-bootstrap/package/dist/css/icons/flag-icon-css/flags/fo.svg]
[demos.adminmart.com/premium/bootstrap/modernize-bootstrap/package/dist/css/icons/flag-icon-css/flags/fr.svg]
[demos.adminmart.com/premium/bootstrap/modernize-bootstrap/package/dist/css/icons/flag-icon-css/flags/ga.svg]
[demos.adminmart.com/premium/bootstrap/modernize-bootstrap/package/dist/css/icons/flag-icon-css/flags/gb.svg]
[demos.adminmart.com/premium/bootstrap/modernize-bootstrap/package/dist/css/icons/flag-icon-css/flags/gd.svg]
[demos.adminmart.com/premium/bootstrap/modernize-bootstrap/package/dist/css/icons/flag-icon-css/flags/ge.svg]
[demos.adminmart.com/premium/bootstrap/modernize-bootstrap/package/dist/css/icons/flag-icon-css/flags/gf.svg]
[demos.adminmart.com/premium/bootstrap/modernize-bootstrap/package/dist/css/icons/flag-icon-css/flags/gg.svg]
[demos.adminmart.com/premium/bootstrap/modernize-bootstrap/package/dist/css/icons/flag-icon-css/flags/gh.svg]
[demos.adminmart.com/premium/bootstrap/modernize-bootstrap/package/dist/css/icons/flag-icon-css/flags/gi.svg]
[demos.adminmart.com/premium/bootstrap/modernize-bootstrap/package/dist/css/icons/flag-icon-css/flags/gl.svg]
[demos.adminmart.com/premium/bootstrap/modernize-bootstrap/package/dist/css/icons/flag-icon-css/flags/gm.svg]
[demos.adminmart.com/premium/bootstrap/modernize-bootstrap/package/dist/css/icons/flag-icon-css/flags/gn.svg]
[demos.adminmart.com/premium/bootstrap/modernize-bootstrap/package/dist/css/icons/flag-icon-css/flags/gp.svg]
[demos.adminmart.com/premium/bootstrap/modernize-bootstrap/package/dist/css/icons/flag-icon-css/flags/gq.svg]
[demos.adminmart.com/premium/bootstrap/modernize-bootstrap/package/dist/css/icons/flag-icon-css/flags/gr.svg]
[demos.adminmart.com/premium/bootstrap/modernize-bootstrap/package/dist/css/icons/flag-icon-css/flags/gs.svg]
[demos.adminmart.com/premium/bootstrap/modernize-bootstrap/package/dist/css/icons/flag-icon-css/flags/gt.svg]
[demos.adminmart.com/premium/bootstrap/modernize-bootstrap/package/dist/css/icons/flag-icon-css/flags/gu.svg]
[demos.adminmart.com/premium/bootstrap/modernize-bootstrap/package/dist/css/icons/flag-icon-css/flags/gw.svg]
[demos.adminmart.com/premium/bootstrap/modernize-bootstrap/package/dist/css/icons/flag-icon-css/flags/gy.svg]
[demos.adminmart.com/premium/bootstrap/modernize-bootstrap/package/dist/css/icons/flag-icon-css/flags/hk.svg]
[demos.adminmart.com/premium/bootstrap/modernize-bootstrap/package/dist/css/icons/flag-icon-css/flags/hm.svg]
[demos.adminmart.com/premium/bootstrap/modernize-bootstrap/package/dist/css/icons/flag-icon-css/flags/hn.svg]
[demos.adminmart.com/premium/bootstrap/modernize-bootstrap/package/dist/css/icons/flag-icon-css/flags/hr.svg]
[demos.adminmart.com/premium/bootstrap/modernize-bootstrap/package/dist/css/icons/flag-icon-css/flags/ht.svg]
[demos.adminmart.com/premium/bootstrap/modernize-bootstrap/package/dist/css/icons/flag-icon-css/flags/hu.svg]
[demos.adminmart.com/premium/bootstrap/modernize-bootstrap/package/dist/css/icons/flag-icon-css/flags/id.svg]
[demos.adminmart.com/premium/bootstrap/modernize-bootstrap/package/dist/css/icons/flag-icon-css/flags/ie.svg]
[demos.adminmart.com/premium/bootstrap/modernize-bootstrap/package/dist/css/icons/flag-icon-css/flags/il.svg]
[demos.adminmart.com/premium/bootstrap/modernize-bootstrap/package/dist/css/icons/flag-icon-css/flags/im.svg]
[demos.adminmart.com/premium/bootstrap/modernize-bootstrap/package/dist/css/icons/flag-icon-css/flags/in.svg]
[demos.adminmart.com/premium/bootstrap/modernize-bootstrap/package/dist/css/icons/flag-icon-css/flags/io.svg]
[demos.adminmart.com/premium/bootstrap/modernize-bootstrap/package/dist/css/icons/flag-icon-css/flags/iq.svg]
[demos.adminmart.com/premium/bootstrap/modernize-bootstrap/package/dist/css/icons/flag-icon-css/flags/ir.svg]
[demos.adminmart.com/premium/bootstrap/modernize-bootstrap/package/dist/css/icons/flag-icon-css/flags/is.svg]
[demos.adminmart.com/premium/bootstrap/modernize-bootstrap/package/dist/css/icons/flag-icon-css/flags/it.svg]
[demos.adminmart.com/premium/bootstrap/modernize-bootstrap/package/dist/css/icons/flag-icon-css/flags/je.svg]
[demos.adminmart.com/premium/bootstrap/modernize-bootstrap/package/dist/css/icons/flag-icon-css/flags/jm.svg]
[demos.adminmart.com/premium/bootstrap/modernize-bootstrap/package/dist/css/icons/flag-icon-css/flags/jo.svg]
[demos.adminmart.com/premium/bootstrap/modernize-bootstrap/package/dist/css/icons/flag-icon-css/flags/jp.svg]
[demos.adminmart.com/premium/bootstrap/modernize-bootstrap/package/dist/css/icons/flag-icon-css/flags/ke.svg]
[demos.adminmart.com/premium/bootstrap/modernize-bootstrap/package/dist/css/icons/flag-icon-css/flags/kg.svg]
[demos.adminmart.com/premium/bootstrap/modernize-bootstrap/package/dist/css/icons/flag-icon-css/flags/kh.svg]
[demos.adminmart.com/premium/bootstrap/modernize-bootstrap/package/dist/css/icons/flag-icon-css/flags/ki.svg]
[demos.adminmart.com/premium/bootstrap/modernize-bootstrap/package/dist/css/icons/flag-icon-css/flags/km.svg]
[demos.adminmart.com/premium/bootstrap/modernize-bootstrap/package/dist/css/icons/flag-icon-css/flags/kn.svg]
[demos.adminmart.com/premium/bootstrap/modernize-bootstrap/package/dist/css/icons/flag-icon-css/flags/kp.svg]
[demos.adminmart.com/premium/bootstrap/modernize-bootstrap/package/dist/css/icons/flag-icon-css/flags/kr.svg]
[demos.adminmart.com/premium/bootstrap/modernize-bootstrap/package/dist/css/icons/flag-icon-css/flags/kw.svg]
[demos.adminmart.com/premium/bootstrap/modernize-bootstrap/package/dist/css/icons/flag-icon-css/flags/ky.svg]
[demos.adminmart.com/premium/bootstrap/modernize-bootstrap/package/dist/css/icons/flag-icon-css/flags/kz.svg]
[demos.adminmart.com/premium/bootstrap/modernize-bootstrap/package/dist/css/icons/flag-icon-css/flags/la.svg]
[demos.adminmart.com/premium/bootstrap/modernize-bootstrap/package/dist/css/icons/flag-icon-css/flags/lb.svg]
[demos.adminmart.com/premium/bootstrap/modernize-bootstrap/package/dist/css/icons/flag-icon-css/flags/lc.svg]
[demos.adminmart.com/premium/bootstrap/modernize-bootstrap/package/dist/css/icons/flag-icon-css/flags/li.svg]
[demos.adminmart.com/premium/bootstrap/modernize-bootstrap/package/dist/css/icons/flag-icon-css/flags/lk.svg]
[demos.adminmart.com/premium/bootstrap/modernize-bootstrap/package/dist/css/icons/flag-icon-css/flags/lr.svg]
[demos.adminmart.com/premium/bootstrap/modernize-bootstrap/package/dist/css/icons/flag-icon-css/flags/ls.svg]
[demos.adminmart.com/premium/bootstrap/modernize-bootstrap/package/dist/css/icons/flag-icon-css/flags/lt.svg]
[demos.adminmart.com/premium/bootstrap/modernize-bootstrap/package/dist/css/icons/flag-icon-css/flags/lu.svg]
[demos.adminmart.com/premium/bootstrap/modernize-bootstrap/package/dist/css/icons/flag-icon-css/flags/lv.svg]
[demos.adminmart.com/premium/bootstrap/modernize-bootstrap/package/dist/css/icons/flag-icon-css/flags/ly.svg]
[demos.adminmart.com/premium/bootstrap/modernize-bootstrap/package/dist/css/icons/flag-icon-css/flags/ma.svg]
[demos.adminmart.com/premium/bootstrap/modernize-bootstrap/package/dist/css/icons/flag-icon-css/flags/mc.svg]
[demos.adminmart.com/premium/bootstrap/modernize-bootstrap/package/dist/css/icons/flag-icon-css/flags/md.svg]
[demos.adminmart.com/premium/bootstrap/modernize-bootstrap/package/dist/css/icons/flag-icon-css/flags/me.svg]
[demos.adminmart.com/premium/bootstrap/modernize-bootstrap/package/dist/css/icons/flag-icon-css/flags/mf.svg]
[demos.adminmart.com/premium/bootstrap/modernize-bootstrap/package/dist/css/icons/flag-icon-css/flags/mg.svg]
[demos.adminmart.com/premium/bootstrap/modernize-bootstrap/package/dist/css/icons/flag-icon-css/flags/mh.svg]
[demos.adminmart.com/premium/bootstrap/modernize-bootstrap/package/dist/css/icons/flag-icon-css/flags/mk.svg]
[demos.adminmart.com/premium/bootstrap/modernize-bootstrap/package/dist/css/icons/flag-icon-css/flags/ml.svg]
[demos.adminmart.com/premium/bootstrap/modernize-bootstrap/package/dist/css/icons/flag-icon-css/flags/mm.svg]
[demos.adminmart.com/premium/bootstrap/modernize-bootstrap/package/dist/css/icons/flag-icon-css/flags/mn.svg]
[demos.adminmart.com/premium/bootstrap/modernize-bootstrap/package/dist/css/icons/flag-icon-css/flags/mo.svg]
[demos.adminmart.com/premium/bootstrap/modernize-bootstrap/package/dist/css/icons/flag-icon-css/flags/mp.svg]
[demos.adminmart.com/premium/bootstrap/modernize-bootstrap/package/dist/css/icons/flag-icon-css/flags/mq.svg]
[demos.adminmart.com/premium/bootstrap/modernize-bootstrap/package/dist/css/icons/flag-icon-css/flags/mr.svg]
[demos.adminmart.com/premium/bootstrap/modernize-bootstrap/package/dist/css/icons/flag-icon-css/flags/ms.svg]
[demos.adminmart.com/premium/bootstrap/modernize-bootstrap/package/dist/css/icons/flag-icon-css/flags/mt.svg]
[demos.adminmart.com/premium/bootstrap/modernize-bootstrap/package/dist/css/icons/flag-icon-css/flags/mu.svg]
[demos.adminmart.com/premium/bootstrap/modernize-bootstrap/package/dist/css/icons/flag-icon-css/flags/mv.svg]
[demos.adminmart.com/premium/bootstrap/modernize-bootstrap/package/dist/css/icons/flag-icon-css/flags/mw.svg]
[demos.adminmart.com/premium/bootstrap/modernize-bootstrap/package/dist/css/icons/flag-icon-css/flags/mx.svg]
[demos.adminmart.com/premium/bootstrap/modernize-bootstrap/package/dist/css/icons/flag-icon-css/flags/my.svg]
[demos.adminmart.com/premium/bootstrap/modernize-bootstrap/package/dist/css/icons/flag-icon-css/flags/mz.svg]
[demos.adminmart.com/premium/bootstrap/modernize-bootstrap/package/dist/css/icons/flag-icon-css/flags/na.svg]
[demos.adminmart.com/premium/bootstrap/modernize-bootstrap/package/dist/css/icons/flag-icon-css/flags/nc.svg]
[demos.adminmart.com/premium/bootstrap/modernize-bootstrap/package/dist/css/icons/flag-icon-css/flags/ne.svg]
[demos.adminmart.com/premium/bootstrap/modernize-bootstrap/package/dist/css/icons/flag-icon-css/flags/nf.svg]
[demos.adminmart.com/premium/bootstrap/modernize-bootstrap/package/dist/css/icons/flag-icon-css/flags/ng.svg]
[demos.adminmart.com/premium/bootstrap/modernize-bootstrap/package/dist/css/icons/flag-icon-css/flags/ni.svg]
[demos.adminmart.com/premium/bootstrap/modernize-bootstrap/package/dist/css/icons/flag-icon-css/flags/nl.svg]
[demos.adminmart.com/premium/bootstrap/modernize-bootstrap/package/dist/css/icons/flag-icon-css/flags/no.svg]
[demos.adminmart.com/premium/bootstrap/modernize-bootstrap/package/dist/css/icons/flag-icon-css/flags/np.svg]
[demos.adminmart.com/premium/bootstrap/modernize-bootstrap/package/dist/css/icons/flag-icon-css/flags/nr.svg]
[demos.adminmart.com/premium/bootstrap/modernize-bootstrap/package/dist/css/icons/flag-icon-css/flags/nu.svg]
[demos.adminmart.com/premium/bootstrap/modernize-bootstrap/package/dist/css/icons/flag-icon-css/flags/nz.svg]
[demos.adminmart.com/premium/bootstrap/modernize-bootstrap/package/dist/css/icons/flag-icon-css/flags/om.svg]
[demos.adminmart.com/premium/bootstrap/modernize-bootstrap/package/dist/css/icons/flag-icon-css/flags/pa.svg]
[demos.adminmart.com/premium/bootstrap/modernize-bootstrap/package/dist/css/icons/flag-icon-css/flags/pe.svg]
[demos.adminmart.com/premium/bootstrap/modernize-bootstrap/package/dist/css/icons/flag-icon-css/flags/pf.svg]
[demos.adminmart.com/premium/bootstrap/modernize-bootstrap/package/dist/css/icons/flag-icon-css/flags/pg.svg]
[demos.adminmart.com/premium/bootstrap/modernize-bootstrap/package/dist/css/icons/flag-icon-css/flags/ph.svg]
[demos.adminmart.com/premium/bootstrap/modernize-bootstrap/package/dist/css/icons/flag-icon-css/flags/pk.svg]
[demos.adminmart.com/premium/bootstrap/modernize-bootstrap/package/dist/css/icons/flag-icon-css/flags/pl.svg]
[demos.adminmart.com/premium/bootstrap/modernize-bootstrap/package/dist/css/icons/flag-icon-css/flags/pm.svg]
[demos.adminmart.com/premium/bootstrap/modernize-bootstrap/package/dist/css/icons/flag-icon-css/flags/pn.svg]
[demos.adminmart.com/premium/bootstrap/modernize-bootstrap/package/dist/css/icons/flag-icon-css/flags/pr.svg]
[demos.adminmart.com/premium/bootstrap/modernize-bootstrap/package/dist/css/icons/flag-icon-css/flags/ps.svg]
[demos.adminmart.com/premium/bootstrap/modernize-bootstrap/package/dist/css/icons/flag-icon-css/flags/pt.svg]
[demos.adminmart.com/premium/bootstrap/modernize-bootstrap/package/dist/css/icons/flag-icon-css/flags/pw.svg]
[demos.adminmart.com/premium/bootstrap/modernize-bootstrap/package/dist/css/icons/flag-icon-css/flags/py.svg]
[demos.adminmart.com/premium/bootstrap/modernize-bootstrap/package/dist/css/icons/flag-icon-css/flags/qa.svg]
[demos.adminmart.com/premium/bootstrap/modernize-bootstrap/package/dist/css/icons/flag-icon-css/flags/re.svg]
[demos.adminmart.com/premium/bootstrap/modernize-bootstrap/package/dist/css/icons/flag-icon-css/flags/ro.svg]
[demos.adminmart.com/premium/bootstrap/modernize-bootstrap/package/dist/css/icons/flag-icon-css/flags/ru.svg]
[demos.adminmart.com/premium/bootstrap/modernize-bootstrap/package/dist/css/icons/flag-icon-css/flags/rs.svg]
[demos.adminmart.com/premium/bootstrap/modernize-bootstrap/package/dist/css/icons/flag-icon-css/flags/rw.svg]
[demos.adminmart.com/premium/bootstrap/modernize-bootstrap/package/dist/css/icons/flag-icon-css/flags/sa.svg]
[demos.adminmart.com/premium/bootstrap/modernize-bootstrap/package/dist/css/icons/flag-icon-css/flags/sb.svg]
[demos.adminmart.com/premium/bootstrap/modernize-bootstrap/package/dist/css/icons/flag-icon-css/flags/sc.svg]
[demos.adminmart.com/premium/bootstrap/modernize-bootstrap/package/dist/css/icons/flag-icon-css/flags/sd.svg]
[demos.adminmart.com/premium/bootstrap/modernize-bootstrap/package/dist/css/icons/flag-icon-css/flags/se.svg]
[demos.adminmart.com/premium/bootstrap/modernize-bootstrap/package/dist/css/icons/flag-icon-css/flags/sg.svg]
[demos.adminmart.com/premium/bootstrap/modernize-bootstrap/package/dist/css/icons/flag-icon-css/flags/sh.svg]
[demos.adminmart.com/premium/bootstrap/modernize-bootstrap/package/dist/css/icons/flag-icon-css/flags/si.svg]
[demos.adminmart.com/premium/bootstrap/modernize-bootstrap/package/dist/css/icons/flag-icon-css/flags/sj.svg]
[demos.adminmart.com/premium/bootstrap/modernize-bootstrap/package/dist/css/icons/flag-icon-css/flags/sk.svg]
[demos.adminmart.com/premium/bootstrap/modernize-bootstrap/package/dist/css/icons/flag-icon-css/flags/sl.svg]
[demos.adminmart.com/premium/bootstrap/modernize-bootstrap/package/dist/css/icons/flag-icon-css/flags/sm.svg]
[demos.adminmart.com/premium/bootstrap/modernize-bootstrap/package/dist/css/icons/flag-icon-css/flags/sn.svg]
[demos.adminmart.com/premium/bootstrap/modernize-bootstrap/package/dist/css/icons/flag-icon-css/flags/so.svg]
[demos.adminmart.com/premium/bootstrap/modernize-bootstrap/package/dist/css/icons/flag-icon-css/flags/sr.svg]
[demos.adminmart.com/premium/bootstrap/modernize-bootstrap/package/dist/css/icons/flag-icon-css/flags/ss.svg]
[demos.adminmart.com/premium/bootstrap/modernize-bootstrap/package/dist/css/icons/flag-icon-css/flags/st.svg]
[demos.adminmart.com/premium/bootstrap/modernize-bootstrap/package/dist/css/icons/flag-icon-css/flags/sv.svg]
[demos.adminmart.com/premium/bootstrap/modernize-bootstrap/package/dist/css/icons/flag-icon-css/flags/sx.svg]
[demos.adminmart.com/premium/bootstrap/modernize-bootstrap/package/dist/css/icons/flag-icon-css/flags/sy.svg]
[demos.adminmart.com/premium/bootstrap/modernize-bootstrap/package/dist/css/icons/flag-icon-css/flags/sz.svg]
[demos.adminmart.com/premium/bootstrap/modernize-bootstrap/package/dist/css/icons/flag-icon-css/flags/tc.svg]
[demos.adminmart.com/premium/bootstrap/modernize-bootstrap/package/dist/css/icons/flag-icon-css/flags/td.svg]
[demos.adminmart.com/premium/bootstrap/modernize-bootstrap/package/dist/css/icons/flag-icon-css/flags/tf.svg]
[demos.adminmart.com/premium/bootstrap/modernize-bootstrap/package/dist/css/icons/flag-icon-css/flags/tg.svg]
[demos.adminmart.com/premium/bootstrap/modernize-bootstrap/package/dist/css/icons/flag-icon-css/flags/th.svg]
[demos.adminmart.com/premium/bootstrap/modernize-bootstrap/package/dist/css/icons/flag-icon-css/flags/tj.svg]
[demos.adminmart.com/premium/bootstrap/modernize-bootstrap/package/dist/css/icons/flag-icon-css/flags/tk.svg]
[demos.adminmart.com/premium/bootstrap/modernize-bootstrap/package/dist/css/icons/flag-icon-css/flags/tl.svg]
[demos.adminmart.com/premium/bootstrap/modernize-bootstrap/package/dist/css/icons/flag-icon-css/flags/tm.svg]
[demos.adminmart.com/premium/bootstrap/modernize-bootstrap/package/dist/css/icons/flag-icon-css/flags/tn.svg]
[demos.adminmart.com/premium/bootstrap/modernize-bootstrap/package/dist/css/icons/flag-icon-css/flags/to.svg]
[demos.adminmart.com/premium/bootstrap/modernize-bootstrap/package/dist/css/icons/flag-icon-css/flags/tr.svg]
[demos.adminmart.com/premium/bootstrap/modernize-bootstrap/package/dist/css/icons/flag-icon-css/flags/tt.svg]
[demos.adminmart.com/premium/bootstrap/modernize-bootstrap/package/dist/css/icons/flag-icon-css/flags/tv.svg]
[demos.adminmart.com/premium/bootstrap/modernize-bootstrap/package/dist/css/icons/flag-icon-css/flags/tw.svg]
[demos.adminmart.com/premium/bootstrap/modernize-bootstrap/package/dist/css/icons/flag-icon-css/flags/tz.svg]
[demos.adminmart.com/premium/bootstrap/modernize-bootstrap/package/dist/css/icons/flag-icon-css/flags/ua.svg]
[demos.adminmart.com/premium/bootstrap/modernize-bootstrap/package/dist/css/icons/flag-icon-css/flags/ug.svg]
[demos.adminmart.com/premium/bootstrap/modernize-bootstrap/package/dist/css/icons/flag-icon-css/flags/um.svg]
[demos.adminmart.com/premium/bootstrap/modernize-bootstrap/package/dist/css/icons/flag-icon-css/flags/us.svg]
[demos.adminmart.com/premium/bootstrap/modernize-bootstrap/package/dist/css/icons/flag-icon-css/flags/uy.svg]
[demos.adminmart.com/premium/bootstrap/modernize-bootstrap/package/dist/css/icons/flag-icon-css/flags/uz.svg]
[demos.adminmart.com/premium/bootstrap/modernize-bootstrap/package/dist/css/icons/flag-icon-css/flags/va.svg]
[demos.adminmart.com/premium/bootstrap/modernize-bootstrap/package/dist/css/icons/flag-icon-css/flags/vc.svg]
[demos.adminmart.com/premium/bootstrap/modernize-bootstrap/package/dist/css/icons/flag-icon-css/flags/ve.svg]
[demos.adminmart.com/premium/bootstrap/modernize-bootstrap/package/dist/css/icons/flag-icon-css/flags/vg.svg]
[demos.adminmart.com/premium/bootstrap/modernize-bootstrap/package/dist/css/icons/flag-icon-css/flags/vi.svg]
[demos.adminmart.com/premium/bootstrap/modernize-bootstrap/package/dist/css/icons/flag-icon-css/flags/vn.svg]
[demos.adminmart.com/premium/bootstrap/modernize-bootstrap/package/dist/css/icons/flag-icon-css/flags/vu.svg]
[demos.adminmart.com/premium/bootstrap/modernize-bootstrap/package/dist/css/icons/flag-icon-css/flags/wf.svg]
[demos.adminmart.com/premium/bootstrap/modernize-bootstrap/package/dist/css/icons/flag-icon-css/flags/ws.svg]
[demos.adminmart.com/premium/bootstrap/modernize-bootstrap/package/dist/css/icons/flag-icon-css/flags/ye.svg]
[demos.adminmart.com/premium/bootstrap/modernize-bootstrap/package/dist/css/icons/flag-icon-css/flags/yt.svg]
[demos.adminmart.com/premium/bootstrap/modernize-bootstrap/package/dist/css/icons/flag-icon-css/flags/za.svg]
[demos.adminmart.com/premium/bootstrap/modernize-bootstrap/package/dist/css/icons/flag-icon-css/flags/zm.svg]
[demos.adminmart.com/premium/bootstrap/modernize-bootstrap/package/dist/css/icons/flag-icon-css/flags/zw.svg]
[demos.adminmart.com/premium/bootstrap/modernize-bootstrap/package/dist/css/icons/font-awesome/webfonts/fa-brands-400.eot]
[demos.adminmart.com/premium/bootstrap/modernize-bootstrap/package/dist/css/icons/font-awesome/webfonts/fa-brands-400d41d.eot]
[demos.adminmart.com/premium/bootstrap/modernize-bootstrap/package/dist/css/icons/font-awesome/webfonts/fa-brands-400.woff2]
[demos.adminmart.com/premium/bootstrap/modernize-bootstrap/package/dist/css/icons/font-awesome/webfonts/fa-brands-400.woff]
[demos.adminmart.com/premium/bootstrap/modernize-bootstrap/package/dist/css/icons/font-awesome/webfonts/fa-brands-400.ttf]
[demos.adminmart.com/premium/bootstrap/modernize-bootstrap/package/dist/css/icons/font-awesome/webfonts/fa-regular-400.eot]
[demos.adminmart.com/premium/bootstrap/modernize-bootstrap/package/dist/css/icons/font-awesome/webfonts/fa-brands-400.svg]
[demos.adminmart.com/premium/bootstrap/modernize-bootstrap/package/dist/css/icons/font-awesome/webfonts/fa-regular-400d41d.eot]
[demos.adminmart.com/premium/bootstrap/modernize-bootstrap/package/dist/css/icons/font-awesome/webfonts/fa-regular-400.woff2]
[demos.adminmart.com/premium/bootstrap/modernize-bootstrap/package/dist/css/icons/font-awesome/webfonts/fa-regular-400.woff]
[demos.adminmart.com/premium/bootstrap/modernize-bootstrap/package/dist/css/icons/font-awesome/webfonts/fa-regular-400.ttf]
[demos.adminmart.com/premium/bootstrap/modernize-bootstrap/package/dist/css/icons/font-awesome/webfonts/fa-regular-400.svg]
[demos.adminmart.com/premium/bootstrap/modernize-bootstrap/package/dist/css/icons/font-awesome/webfonts/fa-solid-900.eot]
[demos.adminmart.com/premium/bootstrap/modernize-bootstrap/package/dist/css/icons/font-awesome/webfonts/fa-solid-900d41d.eot]
[demos.adminmart.com/premium/bootstrap/modernize-bootstrap/package/dist/css/icons/font-awesome/webfonts/fa-solid-900.woff2]
[demos.adminmart.com/premium/bootstrap/modernize-bootstrap/package/dist/css/icons/font-awesome/webfonts/fa-solid-900.woff]
[demos.adminmart.com/premium/bootstrap/modernize-bootstrap/package/dist/css/icons/font-awesome/webfonts/fa-solid-900.ttf]
[demos.adminmart.com/premium/bootstrap/modernize-bootstrap/package/dist/css/icons/font-awesome/webfonts/fa-solid-900.svg]
[demos.adminmart.com/premium/bootstrap/modernize-bootstrap/package/assets/images/custom-select.png]
[demos.adminmart.com/premium/bootstrap/modernize-bootstrap/package/dist/images/shaps/warning-shap.png]
[demos.adminmart.com/premium/bootstrap/modernize-bootstrap/package/dist/images/shaps/danger-shap.png]
[demos.adminmart.com/premium/bootstrap/modernize-bootstrap/package/dist/images/shaps/info-shap.png]
[demos.adminmart.com/premium/bootstrap/modernize-bootstrap/package/dist/css/style.min.css]
[demos.adminmart.com/premium/bootstrap/modernize-bootstrap/package/dist/libs/prismjs/themes/prism-okaidia.min.css]
[demos.adminmart.com/premium/bootstrap/modernize-bootstrap/package/dist/images/breadcrumb/ChatBc.png]
[demos.adminmart.com/premium/bootstrap/modernize-bootstrap/package/dist/images/profile/user-8.jpg]
[demos.adminmart.com/premium/bootstrap/modernize-bootstrap/package/dist/images/products/product-4.jpg]
[demos.adminmart.com/premium/bootstrap/modernize-bootstrap/package/dist/libs/prismjs/prism.js]
[demos.adminmart.com/premium/bootstrap/modernize-bootstrap/package/html/horizontal/app-chat.html]
[demos.adminmart.com/premium/bootstrap/modernize-bootstrap/package/dist/js/apps/chat.js]
[demos.adminmart.com/premium/bootstrap/modernize-bootstrap/package/dist/js/apps/jquery.PrintArea.js]
[demos.adminmart.com/premium/bootstrap/modernize-bootstrap/package/html/horizontal/app-invoice.html]
[demos.adminmart.com/premium/bootstrap/modernize-bootstrap/package/html/horizontal/app-contact2.html]
[demos.adminmart.com/premium/bootstrap/modernize-bootstrap/package/dist/js/apps/invoice.js]
[demos.adminmart.com/premium/bootstrap/modernize-bootstrap/package/dist/images/breadcrumb/emailSv.png]
[demos.adminmart.com/premium/bootstrap/modernize-bootstrap/package/dist/images/profile/user-6.jpg]
[demos.adminmart.com/premium/bootstrap/modernize-bootstrap/package/dist/images/profile/user-7.jpg]
[demos.adminmart.com/premium/bootstrap/modernize-bootstrap/package/html/horizontal/app-email.html]
[demos.adminmart.com/premium/bootstrap/modernize-bootstrap/package/dist/images/backgrounds/profilebg.jpg]
[demos.adminmart.com/premium/bootstrap/modernize-bootstrap/package/dist/images/products/s1.jpg]
[demos.adminmart.com/premium/bootstrap/modernize-bootstrap/package/dist/images/products/s2.jpg]
[demos.adminmart.com/premium/bootstrap/modernize-bootstrap/package/dist/images/products/s4.jpg]
[demos.adminmart.com/premium/bootstrap/modernize-bootstrap/package/dist/images/profile/user-9.jpg]
[demos.adminmart.com/premium/bootstrap/modernize-bootstrap/package/dist/images/profile/user-10.jpg]
[demos.adminmart.com/premium/bootstrap/modernize-bootstrap/package/dist/images/products/s3.jpg]
[demos.adminmart.com/premium/bootstrap/modernize-bootstrap/package/dist/images/products/s5.jpg]
[demos.adminmart.com/premium/bootstrap/modernize-bootstrap/package/dist/images/products/s6.jpg]
[demos.adminmart.com/premium/bootstrap/modernize-bootstrap/package/dist/images/products/s7.jpg]
[demos.adminmart.com/premium/bootstrap/modernize-bootstrap/package/dist/images/products/s8.jpg]
[demos.adminmart.com/premium/bootstrap/modernize-bootstrap/package/dist/images/products/s9.jpg]
[demos.adminmart.com/premium/bootstrap/modernize-bootstrap/package/dist/images/products/s10.jpg]
[demos.adminmart.com/premium/bootstrap/modernize-bootstrap/package/dist/images/products/s11.jpg]
[demos.adminmart.com/premium/bootstrap/modernize-bootstrap/package/dist/images/products/s12.jpg]
[demos.adminmart.com/premium/bootstrap/modernize-bootstrap/package/html/horizontal/page-user-profile.html]
[demos.adminmart.com/premium/bootstrap/modernize-bootstrap/package/dist/libs/fullcalendar/index.global.min.js]
[demos.adminmart.com/premium/bootstrap/modernize-bootstrap/package/dist/libs/jquery-ui/dist/jquery-ui.min.js]
[demos.adminmart.com/premium/bootstrap/modernize-bootstrap/package/html/horizontal/app-calendar.html]
[demos.adminmart.com/premium/bootstrap/modernize-bootstrap/package/dist/js/apps/calendar-init.js]
[demos.adminmart.com/premium/bootstrap/modernize-bootstrap/package/html/horizontal/app-contact.html]
[demos.adminmart.com/premium/bootstrap/modernize-bootstrap/package/dist/js/apps/contact.js]
[demos.adminmart.com/premium/bootstrap/modernize-bootstrap/package/html/horizontal/app-notes.html]
[demos.adminmart.com/premium/bootstrap/modernize-bootstrap/package/dist/js/apps/notes.js]
[demos.adminmart.com/premium/bootstrap/modernize-bootstrap/package/dist/images/backgrounds/silver.png]
[demos.adminmart.com/premium/bootstrap/modernize-bootstrap/package/dist/images/backgrounds/bronze.png]
[demos.adminmart.com/premium/bootstrap/modernize-bootstrap/package/dist/images/backgrounds/gold.png]
[demos.adminmart.com/premium/bootstrap/modernize-bootstrap/package/html/horizontal/page-pricing.html]
[demos.adminmart.com/premium/bootstrap/modernize-bootstrap/package/html/horizontal/authentication-login.html]
[demos.adminmart.com/premium/bootstrap/modernize-bootstrap/package/html/horizontal/authentication-register.html]
[demos.adminmart.com/premium/bootstrap/modernize-bootstrap/package/html/horizontal/authentication-error.html]
[demos.adminmart.com/premium/bootstrap/modernize-bootstrap/package/html/horizontal/page-account-settings.html]
[demos.adminmart.com/premium/bootstrap/modernize-bootstrap/package/html/horizontal/authentication-forgot-password.html]
[demos.adminmart.com/premium/bootstrap/modernize-bootstrap/package/html/horizontal/index2.html]
[demos.adminmart.com/premium/bootstrap/modernize-bootstrap/package/dist/js/dashboard2.js]
[demos.adminmart.com/premium/bootstrap/modernize-bootstrap/package/dist/images/nft/1.jpg]
[demos.adminmart.com/premium/bootstrap/modernize-bootstrap/package/dist/images/nft/5.jpg]
[demos.adminmart.com/premium/bootstrap/modernize-bootstrap/package/dist/images/nft/3.jpg]
[demos.adminmart.com/premium/bootstrap/modernize-bootstrap/package/dist/images/backgrounds/my-card.jpg]
[demos.adminmart.com/premium/bootstrap/modernize-bootstrap/package/dist/images/nft/mastercard.png]
[demos.adminmart.com/premium/bootstrap/modernize-bootstrap/package/dist/images/nft/nft-bg.jpg]
[demos.adminmart.com/premium/bootstrap/modernize-bootstrap/package/html/horizontal/index3.html]
[demos.adminmart.com/premium/bootstrap/modernize-bootstrap/package/dist/js/dashboard3.js]
[demos.adminmart.com/premium/bootstrap/modernize-bootstrap/package/dist/images/crypto/c1.jpg]
[demos.adminmart.com/premium/bootstrap/modernize-bootstrap/package/dist/images/crypto/c2.jpg]
[demos.adminmart.com/premium/bootstrap/modernize-bootstrap/package/dist/images/crypto/c3.jpg]
[demos.adminmart.com/premium/bootstrap/modernize-bootstrap/package/html/horizontal/index4.html]
[demos.adminmart.com/premium/bootstrap/modernize-bootstrap/package/dist/js/dashboard4.js]
[demos.adminmart.com/premium/bootstrap/modernize-bootstrap/package/html/horizontal/index5.html]
[demos.adminmart.com/premium/bootstrap/modernize-bootstrap/package/dist/js/dashboard5.js]
[demos.adminmart.com/premium/bootstrap/modernize-bootstrap/package/dist/images/music/s1.jpg]
[demos.adminmart.com/premium/bootstrap/modernize-bootstrap/package/dist/images/music/s2.jpg]
[demos.adminmart.com/premium/bootstrap/modernize-bootstrap/package/dist/images/music/s3.jpg]
[demos.adminmart.com/premium/bootstrap/modernize-bootstrap/package/dist/images/music/s4.jpg]
[demos.adminmart.com/premium/bootstrap/modernize-bootstrap/package/dist/images/music/album5.jpg]
[demos.adminmart.com/premium/bootstrap/modernize-bootstrap/package/dist/images/music/album7.jpg]
[demos.adminmart.com/premium/bootstrap/modernize-bootstrap/package/dist/images/music/album8.jpg]
[demos.adminmart.com/premium/bootstrap/modernize-bootstrap/package/dist/images/music/album3.jpg]
[demos.adminmart.com/premium/bootstrap/modernize-bootstrap/package/dist/images/music/album1.jpg]
[demos.adminmart.com/premium/bootstrap/modernize-bootstrap/package/dist/images/music/album2.jpg]
[demos.adminmart.com/premium/bootstrap/modernize-bootstrap/package/dist/images/music/album4.jpg]
[demos.adminmart.com/premium/bootstrap/modernize-bootstrap/package/dist/images/music/top10-1.jpg]
[demos.adminmart.com/premium/bootstrap/modernize-bootstrap/package/dist/images/music/top10-2.jpg]
[demos.adminmart.com/premium/bootstrap/modernize-bootstrap/package/dist/images/music/top10-3.jpg]
[demos.adminmart.com/premium/bootstrap/modernize-bootstrap/package/dist/images/music/album6.jpg]
[demos.adminmart.com/premium/bootstrap/modernize-bootstrap/package/dist/js/jplayer/jplayer.js]
[demos.adminmart.com/premium/bootstrap/modernize-bootstrap/package/dist/libs/jplayer/dist/jplayer/jquery.jplayer.min.js]
[demos.adminmart.com/premium/bootstrap/modernize-bootstrap/package/html/horizontal/index6.html]
[demos.adminmart.com/premium/bootstrap/modernize-bootstrap/package/dist/libs/jplayer/dist/add-on/jplayer.playlist.min.js]
[demos.adminmart.com/premium/bootstrap/modernize-bootstrap/package/dist/images/backgrounds/kanban-img-1.jpg]
[demos.adminmart.com/premium/bootstrap/modernize-bootstrap/package/dist/images/backgrounds/kanban-img-2.jpg]
[demos.adminmart.com/premium/bootstrap/modernize-bootstrap/package/dist/images/backgrounds/weatherbg.jpg]
[demos.adminmart.com/premium/bootstrap/modernize-bootstrap/package/html/horizontal/apps-kanban.html]
[demos.adminmart.com/premium/bootstrap/modernize-bootstrap/package/dist/js/apps/kanban.js]
[demos.adminmart.com/premium/bootstrap/modernize-bootstrap/package/dist/images/blog/blog-img9.jpg]
[demos.adminmart.com/premium/bootstrap/modernize-bootstrap/package/html/horizontal/details.html]
[demos.adminmart.com/premium/bootstrap/modernize-bootstrap/package/dist/images/blog/blog-img10.jpg]
[demos.adminmart.com/premium/bootstrap/modernize-bootstrap/package/dist/images/blog/blog-img6.jpg]
[demos.adminmart.com/premium/bootstrap/modernize-bootstrap/package/dist/images/blog/blog-img11.jpg]
[demos.adminmart.com/premium/bootstrap/modernize-bootstrap/package/dist/images/blog/blog-img8.jpg]
[demos.adminmart.com/premium/bootstrap/modernize-bootstrap/package/dist/images/blog/blog-img5.jpg]
[demos.adminmart.com/premium/bootstrap/modernize-bootstrap/package/dist/images/blog/blog-img3.jpg]
[demos.adminmart.com/premium/bootstrap/modernize-bootstrap/package/dist/images/blog/blog-img2.jpg]
[demos.adminmart.com/premium/bootstrap/modernize-bootstrap/package/dist/images/blog/blog-img4.jpg]
[demos.adminmart.com/premium/bootstrap/modernize-bootstrap/package/dist/images/blog/blog-img1.jpg]
[demos.adminmart.com/premium/bootstrap/modernize-bootstrap/package/html/horizontal/blog-posts.html]
[demos.adminmart.com/premium/bootstrap/modernize-bootstrap/package/html/horizontal/blog-detail.html]
[demos.adminmart.com/premium/bootstrap/modernize-bootstrap/package/html/horizontal/eco-shop.html]
[demos.adminmart.com/premium/bootstrap/modernize-bootstrap/package/html/horizontal/eco-shop-detail.html]
[demos.adminmart.com/premium/bootstrap/modernize-bootstrap/package/html/horizontal/eco-product-list.html]
[demos.adminmart.com/premium/bootstrap/modernize-bootstrap/package/dist/js/productDetail.js]
[demos.adminmart.com/premium/bootstrap/modernize-bootstrap/package/dist/images/products/payment-complete.gif]
[demos.adminmart.com/premium/bootstrap/modernize-bootstrap/package/dist/libs/jquery-steps/build/jquery.steps.min.js]
[demos.adminmart.com/premium/bootstrap/modernize-bootstrap/package/dist/libs/jquery-validation/dist/jquery.validate.min.js]
[demos.adminmart.com/premium/bootstrap/modernize-bootstrap/package/html/horizontal/eco-checkout.html]
[demos.adminmart.com/premium/bootstrap/modernize-bootstrap/package/html/horizontal/page-faq.html]
[demos.adminmart.com/premium/bootstrap/modernize-bootstrap/package/html/horizontal/widgets-cards.html]
[demos.adminmart.com/premium/bootstrap/modernize-bootstrap/package/dist/js/forms/form-wizard.js]
[demos.adminmart.com/premium/bootstrap/modernize-bootstrap/package/dist/images/backgrounds/welcome-bg2.png]
[demos.adminmart.com/premium/bootstrap/modernize-bootstrap/package/dist/images/backgrounds/track-bg.png]
[demos.adminmart.com/premium/bootstrap/modernize-bootstrap/package/dist/images/backgrounds/website-under-construction.gif]
[demos.adminmart.com/premium/bootstrap/modernize-bootstrap/package/dist/images/products/empty-shopping-bag.gif]
[demos.adminmart.com/premium/bootstrap/modernize-bootstrap/package/html/horizontal/widgets-banners.html]
[demos.adminmart.com/premium/bootstrap/modernize-bootstrap/package/html/horizontal/widgets-charts.html]
[demos.adminmart.com/premium/bootstrap/modernize-bootstrap/package/dist/js/widgets-charts.js]
[demos.adminmart.com/premium/bootstrap/modernize-bootstrap/package/html/horizontal/ui-accordian.html]
[demos.adminmart.com/premium/bootstrap/modernize-bootstrap/package/html/horizontal/ui-badge.html]
[demos.adminmart.com/premium/bootstrap/modernize-bootstrap/package/html/horizontal/ui-buttons.html]
[demos.adminmart.com/premium/bootstrap/modernize-bootstrap/package/html/horizontal/ui-dropdowns.html]
[demos.adminmart.com/premium/bootstrap/modernize-bootstrap/package/html/horizontal/ui-modals.html]
[demos.adminmart.com/premium/bootstrap/modernize-bootstrap/package/dist/images/big/img2.jpg]
[demos.adminmart.com/premium/bootstrap/modernize-bootstrap/package/dist/images/big/img1.jpg]
[demos.adminmart.com/premium/bootstrap/modernize-bootstrap/package/dist/images/big/img3.jpg]
[demos.adminmart.com/premium/bootstrap/modernize-bootstrap/package/html/horizontal/ui-tab.html]
[demos.adminmart.com/premium/bootstrap/modernize-bootstrap/package/html/horizontal/ui-tooltip-popover.html]
[demos.adminmart.com/premium/bootstrap/modernize-bootstrap/package/html/horizontal/ui-notification.html]
[demos.adminmart.com/premium/bootstrap/modernize-bootstrap/package/html/horizontal/ui-progressbar.html]
[demos.adminmart.com/premium/bootstrap/modernize-bootstrap/package/html/horizontal/ui-pagination.html]
[demos.adminmart.com/premium/bootstrap/modernize-bootstrap/package/html/horizontal/ui-typography.html]
[demos.adminmart.com/premium/bootstrap/modernize-bootstrap/package/dist/images/big/img8.jpg]
[demos.adminmart.com/premium/bootstrap/modernize-bootstrap/package/html/horizontal/ui-bootstrap-ui.html]
[demos.adminmart.com/premium/bootstrap/modernize-bootstrap/package/html/horizontal/ui-breadcrumb.html]
[demos.adminmart.com/premium/bootstrap/modernize-bootstrap/package/html/horizontal/ui-offcanvas.html]
[demos.adminmart.com/premium/bootstrap/modernize-bootstrap/package/html/horizontal/ui-lists.html]
[demos.adminmart.com/premium/bootstrap/modernize-bootstrap/package/html/horizontal/ui-grid.html]
[demos.adminmart.com/premium/bootstrap/modernize-bootstrap/package/dist/images/big/auth-bg.jpg]
[demos.adminmart.com/premium/bootstrap/modernize-bootstrap/package/dist/images/big/auth-bg2.jpg]
[demos.adminmart.com/premium/bootstrap/modernize-bootstrap/package/html/horizontal/ui-carousel.html]
[demos.adminmart.com/premium/bootstrap/modernize-bootstrap/package/html/horizontal/ui-scrollspy.html]
[demos.adminmart.com/premium/bootstrap/modernize-bootstrap/package/html/horizontal/ui-spinner.html]
[demos.adminmart.com/premium/bootstrap/modernize-bootstrap/package/html/horizontal/ui-link.html]
[demos.adminmart.com/premium/bootstrap/modernize-bootstrap/package/html/horizontal/form-inputs.html]
[demos.adminmart.com/premium/bootstrap/modernize-bootstrap/package/html/horizontal/form-input-groups.html]
[demos.adminmart.com/premium/bootstrap/modernize-bootstrap/package/html/horizontal/form-input-grid.html]
[demos.adminmart.com/premium/bootstrap/modernize-bootstrap/package/html/horizontal/form-checkbox-radio.html]
[demos.adminmart.com/premium/bootstrap/modernize-bootstrap/package/dist/libs/bootstrap-touchspin/dist/jquery.bootstrap-touchspin.min.css]
[demos.adminmart.com/premium/bootstrap/modernize-bootstrap/package/dist/libs/bootstrap-touchspin/dist/jquery.bootstrap-touchspin.min.js]
[demos.adminmart.com/premium/bootstrap/modernize-bootstrap/package/html/horizontal/form-bootstrap-touchspin.html]
[demos.adminmart.com/premium/bootstrap/modernize-bootstrap/package/dist/js/forms/form-bootstrap-touchspin.init.js]
[demos.adminmart.com/premium/bootstrap/modernize-bootstrap/package/dist/libs/bootstrap-switch/dist/css/bootstrap3/bootstrap-switch.min.css]
[demos.adminmart.com/premium/bootstrap/modernize-bootstrap/package/dist/libs/bootstrap-switch/dist/js/bootstrap-switch.min.js]
[demos.adminmart.com/premium/bootstrap/modernize-bootstrap/package/html/horizontal/form-bootstrap-switch.html]
[demos.adminmart.com/premium/bootstrap/modernize-bootstrap/package/dist/js/forms/bootstrap-switch.js]
[demos.adminmart.com/premium/bootstrap/modernize-bootstrap/package/dist/libs/select2/dist/css/select2.min.css]
[demos.adminmart.com/premium/bootstrap/modernize-bootstrap/package/dist/libs/select2/dist/js/select2.full.min.js]
[demos.adminmart.com/premium/bootstrap/modernize-bootstrap/package/dist/libs/select2/dist/js/select2.min.js]
[demos.adminmart.com/premium/bootstrap/modernize-bootstrap/package/html/horizontal/form-select2.html]
[demos.adminmart.com/premium/bootstrap/modernize-bootstrap/package/dist/js/forms/select2.init.js]
[demos.adminmart.com/premium/bootstrap/modernize-bootstrap/package/dist/libs/bootstrap-duallistbox/dist/bootstrap-duallistbox.min.css]
[demos.adminmart.com/premium/bootstrap/modernize-bootstrap/package/dist/libs/bootstrap-duallistbox/dist/jquery.bootstrap-duallistbox.min.js]
[demos.adminmart.com/premium/bootstrap/modernize-bootstrap/package/html/horizontal/form-dual-listbox.html]
[demos.adminmart.com/premium/bootstrap/modernize-bootstrap/package/html/horizontal/form-basic.html]
[demos.adminmart.com/premium/bootstrap/modernize-bootstrap/package/html/horizontal/form-vertical.html]
[demos.adminmart.com/premium/bootstrap/modernize-bootstrap/package/html/horizontal/form-horizontal.html]
[demos.adminmart.com/premium/bootstrap/modernize-bootstrap/package/html/horizontal/form-actions.html]
[demos.adminmart.com/premium/bootstrap/modernize-bootstrap/package/html/horizontal/form-row-separator.html]
[demos.adminmart.com/premium/bootstrap/modernize-bootstrap/package/html/horizontal/form-bordered.html]
[demos.adminmart.com/premium/bootstrap/modernize-bootstrap/package/html/horizontal/form-detail.html]
[demos.adminmart.com/premium/bootstrap/modernize-bootstrap/package/html/horizontal/form-wizard.html]
[demos.adminmart.com/premium/bootstrap/modernize-bootstrap/package/dist/js/forms/dual-listbox.js]
[demos.adminmart.com/premium/bootstrap/modernize-bootstrap/package/dist/libs/quill/dist/quill.snow.css]
[demos.adminmart.com/premium/bootstrap/modernize-bootstrap/package/html/horizontal/form-editor-quill.html]
[demos.adminmart.com/premium/bootstrap/modernize-bootstrap/package/html/horizontal/table-basic.html]
[demos.adminmart.com/premium/bootstrap/modernize-bootstrap/package/html/horizontal/table-dark-basic.html]
[demos.adminmart.com/premium/bootstrap/modernize-bootstrap/package/html/horizontal/table-sizing.html]
[demos.adminmart.com/premium/bootstrap/modernize-bootstrap/package/html/horizontal/table-layout-coloured.html]
[demos.adminmart.com/premium/bootstrap/modernize-bootstrap/package/dist/libs/quill/dist/quill.min.js]
[demos.adminmart.com/premium/bootstrap/modernize-bootstrap/package/dist/libs/datatables.net-bs5/css/dataTables.bootstrap5.min.css]
[demos.adminmart.com/premium/bootstrap/modernize-bootstrap/package/dist/libs/datatables.net/js/jquery.dataTables.min.js]
[demos.adminmart.com/premium/bootstrap/modernize-bootstrap/package/html/horizontal/table-datatable-basic.html]
[demos.adminmart.com/premium/bootstrap/modernize-bootstrap/package/dist/js/datatable/datatable-basic.init.js]
[demos.adminmart.com/premium/bootstrap/modernize-bootstrap/package/html/horizontal/table-datatable-api.html]
[demos.adminmart.com/premium/bootstrap/modernize-bootstrap/package/dist/js/datatable/datatable-api.init.js]
[cdn.datatables.net/buttons/1.5.1/js/dataTables.buttons.min.js]
[cdn.datatables.net/buttons/1.5.1/js/buttons.flash.min.js]
[cdnjs.cloudflare.com/ajax/libs/jszip/3.1.3/jszip.min.js]
[cdnjs.cloudflare.com/ajax/libs/pdfmake/0.1.32/pdfmake.min.js]
[cdn.datatables.net/buttons/1.5.1/js/buttons.html5.min.js]
[cdnjs.cloudflare.com/ajax/libs/pdfmake/0.1.32/vfs_fonts.js]
[cdn.datatables.net/buttons/1.5.1/js/buttons.print.min.js]
[demos.adminmart.com/premium/bootstrap/modernize-bootstrap/package/html/horizontal/table-datatable-advanced.html]
[demos.adminmart.com/premium/bootstrap/modernize-bootstrap/package/dist/js/datatable/datatable-advanced.init.js]
[demos.adminmart.com/premium/bootstrap/modernize-bootstrap/package/html/horizontal/chart-apex-line.html]
[demos.adminmart.com/premium/bootstrap/modernize-bootstrap/package/dist/js/apex-chart/apex.line.init.js]
[demos.adminmart.com/premium/bootstrap/modernize-bootstrap/package/html/horizontal/chart-apex-area.html]
[demos.adminmart.com/premium/bootstrap/modernize-bootstrap/package/dist/js/apex-chart/apex.area.init.js]
[demos.adminmart.com/premium/bootstrap/modernize-bootstrap/package/html/horizontal/chart-apex-bar.html]
[demos.adminmart.com/premium/bootstrap/modernize-bootstrap/package/dist/js/apex-chart/apex.bar.init.js]
[demos.adminmart.com/premium/bootstrap/modernize-bootstrap/package/html/horizontal/chart-apex-pie.html]
[demos.adminmart.com/premium/bootstrap/modernize-bootstrap/package/dist/js/apex-chart/apex.pie.init.js]
[demos.adminmart.com/premium/bootstrap/modernize-bootstrap/package/html/horizontal/chart-apex-radial.html]
[demos.adminmart.com/premium/bootstrap/modernize-bootstrap/package/dist/js/apex-chart/apex.radial.init.js]
[demos.adminmart.com/premium/bootstrap/modernize-bootstrap/package/html/horizontal/chart-apex-radar.html]
[demos.adminmart.com/premium/bootstrap/modernize-bootstrap/package/html/horizontal/icon-tabler.html]
[demos.adminmart.com/premium/bootstrap/modernize-bootstrap/package/dist/css/style-dark.min.css]
[demos.adminmart.com/premium/bootstrap/modernize-bootstrap/package/dist/css/style-aqua.min.css]
[demos.adminmart.com/premium/bootstrap/modernize-bootstrap/package/dist/css/style-purple.min.css]
[demos.adminmart.com/premium/bootstrap/modernize-bootstrap/package/dist/css/style-green.min.css]
[demos.adminmart.com/premium/bootstrap/modernize-bootstrap/package/dist/css/style-cyan.min.css]
[demos.adminmart.com/premium/bootstrap/modernize-bootstrap/package/dist/css/style-orange.min.css]
[demos.adminmart.com/premium/bootstrap/modernize-bootstrap/package/dist/css/icons/flag-icon-css/flags/ad.svg]
[demos.adminmart.com/premium/bootstrap/modernize-bootstrap/package/dist/css/icons/flag-icon-css/flags/ae.svg]
[demos.adminmart.com/premium/bootstrap/modernize-bootstrap/package/dist/css/icons/flag-icon-css/flags/af.svg]
[demos.adminmart.com/premium/bootstrap/modernize-bootstrap/package/dist/css/icons/flag-icon-css/flags/ag.svg]
[demos.adminmart.com/premium/bootstrap/modernize-bootstrap/package/dist/css/icons/flag-icon-css/flags/ai.svg]
[demos.adminmart.com/premium/bootstrap/modernize-bootstrap/package/dist/css/icons/flag-icon-css/flags/al.svg]
[demos.adminmart.com/premium/bootstrap/modernize-bootstrap/package/dist/css/icons/flag-icon-css/flags/am.svg]
[demos.adminmart.com/premium/bootstrap/modernize-bootstrap/package/dist/css/icons/flag-icon-css/flags/ao.svg]
[demos.adminmart.com/premium/bootstrap/modernize-bootstrap/package/dist/css/icons/flag-icon-css/flags/aq.svg]
[demos.adminmart.com/premium/bootstrap/modernize-bootstrap/package/dist/css/icons/flag-icon-css/flags/ar.svg]
[demos.adminmart.com/premium/bootstrap/modernize-bootstrap/package/dist/css/icons/flag-icon-css/flags/as.svg]
[demos.adminmart.com/premium/bootstrap/modernize-bootstrap/package/dist/css/icons/flag-icon-css/flags/at.svg]
[demos.adminmart.com/premium/bootstrap/modernize-bootstrap/package/dist/css/icons/flag-icon-css/flags/au.svg]
[demos.adminmart.com/premium/bootstrap/modernize-bootstrap/package/dist/css/icons/flag-icon-css/flags/aw.svg]
[demos.adminmart.com/premium/bootstrap/modernize-bootstrap/package/dist/css/icons/flag-icon-css/flags/ax.svg]
[demos.adminmart.com/premium/bootstrap/modernize-bootstrap/package/dist/css/icons/flag-icon-css/flags/az.svg]
[demos.adminmart.com/premium/bootstrap/modernize-bootstrap/package/dist/css/icons/flag-icon-css/flags/ba.svg]
[demos.adminmart.com/premium/bootstrap/modernize-bootstrap/package/dist/css/icons/flag-icon-css/flags/bb.svg]
[demos.adminmart.com/premium/bootstrap/modernize-bootstrap/package/dist/css/icons/flag-icon-css/flags/bd.svg]
[demos.adminmart.com/premium/bootstrap/modernize-bootstrap/package/dist/css/icons/flag-icon-css/flags/be.svg]
[demos.adminmart.com/premium/bootstrap/modernize-bootstrap/package/dist/css/icons/flag-icon-css/flags/bf.svg]
[demos.adminmart.com/premium/bootstrap/modernize-bootstrap/package/dist/css/icons/flag-icon-css/flags/bg.svg]
[demos.adminmart.com/premium/bootstrap/modernize-bootstrap/package/dist/css/icons/flag-icon-css/flags/bh.svg]
[demos.adminmart.com/premium/bootstrap/modernize-bootstrap/package/dist/css/icons/flag-icon-css/flags/bi.svg]
[demos.adminmart.com/premium/bootstrap/modernize-bootstrap/package/dist/css/icons/flag-icon-css/flags/bj.svg]
[demos.adminmart.com/premium/bootstrap/modernize-bootstrap/package/dist/css/icons/flag-icon-css/flags/bl.svg]
[demos.adminmart.com/premium/bootstrap/modernize-bootstrap/package/dist/css/icons/flag-icon-css/flags/bm.svg]
[demos.adminmart.com/premium/bootstrap/modernize-bootstrap/package/dist/css/icons/flag-icon-css/flags/bn.svg]
[demos.adminmart.com/premium/bootstrap/modernize-bootstrap/package/dist/css/icons/flag-icon-css/flags/bo.svg]
[demos.adminmart.com/premium/bootstrap/modernize-bootstrap/package/dist/css/icons/flag-icon-css/flags/bq.svg]
[demos.adminmart.com/premium/bootstrap/modernize-bootstrap/package/dist/css/icons/flag-icon-css/flags/br.svg]
[demos.adminmart.com/premium/bootstrap/modernize-bootstrap/package/dist/css/icons/flag-icon-css/flags/bs.svg]
[demos.adminmart.com/premium/bootstrap/modernize-bootstrap/package/dist/css/icons/flag-icon-css/flags/bt.svg]
[demos.adminmart.com/premium/bootstrap/modernize-bootstrap/package/dist/css/icons/flag-icon-css/flags/bv.svg]
[demos.adminmart.com/premium/bootstrap/modernize-bootstrap/package/dist/css/icons/flag-icon-css/flags/bw.svg]
[demos.adminmart.com/premium/bootstrap/modernize-bootstrap/package/dist/css/icons/flag-icon-css/flags/by.svg]
[demos.adminmart.com/premium/bootstrap/modernize-bootstrap/package/dist/css/icons/flag-icon-css/flags/bz.svg]
[demos.adminmart.com/premium/bootstrap/modernize-bootstrap/package/dist/css/icons/flag-icon-css/flags/ca.svg]
[demos.adminmart.com/premium/bootstrap/modernize-bootstrap/package/dist/css/icons/flag-icon-css/flags/cc.svg]
[demos.adminmart.com/premium/bootstrap/modernize-bootstrap/package/dist/css/icons/flag-icon-css/flags/cd.svg]
[demos.adminmart.com/premium/bootstrap/modernize-bootstrap/package/dist/css/icons/flag-icon-css/flags/cf.svg]
[demos.adminmart.com/premium/bootstrap/modernize-bootstrap/package/dist/css/icons/flag-icon-css/flags/cg.svg]
[demos.adminmart.com/premium/bootstrap/modernize-bootstrap/package/dist/css/icons/flag-icon-css/flags/ch.svg]
[demos.adminmart.com/premium/bootstrap/modernize-bootstrap/package/dist/css/icons/flag-icon-css/flags/ci.svg]
[demos.adminmart.com/premium/bootstrap/modernize-bootstrap/package/dist/css/icons/flag-icon-css/flags/ck.svg]
[demos.adminmart.com/premium/bootstrap/modernize-bootstrap/package/dist/css/icons/flag-icon-css/flags/cl.svg]
[demos.adminmart.com/premium/bootstrap/modernize-bootstrap/package/dist/css/icons/flag-icon-css/flags/cm.svg]
[demos.adminmart.com/premium/bootstrap/modernize-bootstrap/package/dist/css/icons/flag-icon-css/flags/cn.svg]
[demos.adminmart.com/premium/bootstrap/modernize-bootstrap/package/dist/css/icons/flag-icon-css/flags/co.svg]
[demos.adminmart.com/premium/bootstrap/modernize-bootstrap/package/dist/css/icons/flag-icon-css/flags/cr.svg]
[demos.adminmart.com/premium/bootstrap/modernize-bootstrap/package/dist/css/icons/flag-icon-css/flags/cu.svg]
[demos.adminmart.com/premium/bootstrap/modernize-bootstrap/package/dist/css/icons/flag-icon-css/flags/cv.svg]
[demos.adminmart.com/premium/bootstrap/modernize-bootstrap/package/dist/css/icons/flag-icon-css/flags/cw.svg]
[demos.adminmart.com/premium/bootstrap/modernize-bootstrap/package/dist/css/icons/flag-icon-css/flags/cx.svg]
[demos.adminmart.com/premium/bootstrap/modernize-bootstrap/package/dist/css/icons/flag-icon-css/flags/cy.svg]
[demos.adminmart.com/premium/bootstrap/modernize-bootstrap/package/dist/css/icons/flag-icon-css/flags/cz.svg]
[demos.adminmart.com/premium/bootstrap/modernize-bootstrap/package/dist/css/icons/flag-icon-css/flags/de.svg]
[demos.adminmart.com/premium/bootstrap/modernize-bootstrap/package/dist/css/icons/flag-icon-css/flags/dj.svg]
[demos.adminmart.com/premium/bootstrap/modernize-bootstrap/package/dist/css/icons/flag-icon-css/flags/dk.svg]
[demos.adminmart.com/premium/bootstrap/modernize-bootstrap/package/dist/css/icons/flag-icon-css/flags/dm.svg]
[demos.adminmart.com/premium/bootstrap/modernize-bootstrap/package/dist/js/apex-chart/apex.radar.init.js]
[demos.adminmart.com/premium/bootstrap/modernize-bootstrap/package/dist/css/icons/flag-icon-css/flags/do.svg]
[demos.adminmart.com/premium/bootstrap/modernize-bootstrap/package/dist/css/icons/flag-icon-css/flags/dz.svg]
[demos.adminmart.com/premium/bootstrap/modernize-bootstrap/package/dist/css/icons/flag-icon-css/flags/ec.svg]
[demos.adminmart.com/premium/bootstrap/modernize-bootstrap/package/dist/css/icons/flag-icon-css/flags/ee.svg]
[demos.adminmart.com/premium/bootstrap/modernize-bootstrap/package/dist/css/icons/flag-icon-css/flags/eg.svg]
[demos.adminmart.com/premium/bootstrap/modernize-bootstrap/package/dist/css/icons/flag-icon-css/flags/eh.svg]
[demos.adminmart.com/premium/bootstrap/modernize-bootstrap/package/dist/css/icons/flag-icon-css/flags/er.svg]
[demos.adminmart.com/premium/bootstrap/modernize-bootstrap/package/dist/css/icons/flag-icon-css/flags/es.svg]
[demos.adminmart.com/premium/bootstrap/modernize-bootstrap/package/dist/css/icons/flag-icon-css/flags/et.svg]
[demos.adminmart.com/premium/bootstrap/modernize-bootstrap/package/dist/css/icons/flag-icon-css/flags/fi.svg]
[demos.adminmart.com/premium/bootstrap/modernize-bootstrap/package/dist/css/icons/flag-icon-css/flags/fj.svg]
[demos.adminmart.com/premium/bootstrap/modernize-bootstrap/package/dist/css/icons/flag-icon-css/flags/fk.svg]
[demos.adminmart.com/premium/bootstrap/modernize-bootstrap/package/dist/css/icons/flag-icon-css/flags/fm.svg]
[demos.adminmart.com/premium/bootstrap/modernize-bootstrap/package/dist/css/icons/flag-icon-css/flags/fo.svg]
[demos.adminmart.com/premium/bootstrap/modernize-bootstrap/package/dist/css/icons/flag-icon-css/flags/fr.svg]
[demos.adminmart.com/premium/bootstrap/modernize-bootstrap/package/dist/css/icons/flag-icon-css/flags/ga.svg]
[demos.adminmart.com/premium/bootstrap/modernize-bootstrap/package/dist/css/icons/flag-icon-css/flags/gb.svg]
[demos.adminmart.com/premium/bootstrap/modernize-bootstrap/package/dist/css/icons/flag-icon-css/flags/gd.svg]
[demos.adminmart.com/premium/bootstrap/modernize-bootstrap/package/dist/css/icons/flag-icon-css/flags/ge.svg]
[demos.adminmart.com/premium/bootstrap/modernize-bootstrap/package/dist/css/icons/flag-icon-css/flags/gf.svg]
[demos.adminmart.com/premium/bootstrap/modernize-bootstrap/package/dist/css/icons/flag-icon-css/flags/gg.svg]
[demos.adminmart.com/premium/bootstrap/modernize-bootstrap/package/dist/css/icons/flag-icon-css/flags/gh.svg]
[demos.adminmart.com/premium/bootstrap/modernize-bootstrap/package/dist/css/icons/flag-icon-css/flags/gi.svg]
[demos.adminmart.com/premium/bootstrap/modernize-bootstrap/package/dist/css/icons/flag-icon-css/flags/gl.svg]
[demos.adminmart.com/premium/bootstrap/modernize-bootstrap/package/dist/css/icons/flag-icon-css/flags/gm.svg]
[demos.adminmart.com/premium/bootstrap/modernize-bootstrap/package/dist/css/icons/flag-icon-css/flags/gn.svg]
[demos.adminmart.com/premium/bootstrap/modernize-bootstrap/package/dist/css/icons/flag-icon-css/flags/gp.svg]
[demos.adminmart.com/premium/bootstrap/modernize-bootstrap/package/dist/css/icons/flag-icon-css/flags/gq.svg]
[demos.adminmart.com/premium/bootstrap/modernize-bootstrap/package/dist/css/icons/flag-icon-css/flags/gr.svg]
[demos.adminmart.com/premium/bootstrap/modernize-bootstrap/package/dist/css/icons/flag-icon-css/flags/gs.svg]
[demos.adminmart.com/premium/bootstrap/modernize-bootstrap/package/dist/css/icons/flag-icon-css/flags/gt.svg]
[demos.adminmart.com/premium/bootstrap/modernize-bootstrap/package/dist/css/icons/flag-icon-css/flags/gu.svg]
[demos.adminmart.com/premium/bootstrap/modernize-bootstrap/package/dist/css/icons/flag-icon-css/flags/gw.svg]
[demos.adminmart.com/premium/bootstrap/modernize-bootstrap/package/dist/css/icons/flag-icon-css/flags/gy.svg]
[demos.adminmart.com/premium/bootstrap/modernize-bootstrap/package/dist/css/icons/flag-icon-css/flags/hk.svg]
[demos.adminmart.com/premium/bootstrap/modernize-bootstrap/package/dist/css/icons/flag-icon-css/flags/hm.svg]
[demos.adminmart.com/premium/bootstrap/modernize-bootstrap/package/dist/css/icons/flag-icon-css/flags/hn.svg]
[demos.adminmart.com/premium/bootstrap/modernize-bootstrap/package/dist/css/icons/flag-icon-css/flags/hr.svg]
[demos.adminmart.com/premium/bootstrap/modernize-bootstrap/package/dist/css/icons/flag-icon-css/flags/ht.svg]
[demos.adminmart.com/premium/bootstrap/modernize-bootstrap/package/dist/css/icons/flag-icon-css/flags/hu.svg]
[demos.adminmart.com/premium/bootstrap/modernize-bootstrap/package/dist/css/icons/flag-icon-css/flags/id.svg]
[demos.adminmart.com/premium/bootstrap/modernize-bootstrap/package/dist/css/icons/flag-icon-css/flags/ie.svg]
[demos.adminmart.com/premium/bootstrap/modernize-bootstrap/package/dist/css/icons/flag-icon-css/flags/il.svg]
[demos.adminmart.com/premium/bootstrap/modernize-bootstrap/package/dist/css/icons/flag-icon-css/flags/im.svg]
[demos.adminmart.com/premium/bootstrap/modernize-bootstrap/package/dist/css/icons/flag-icon-css/flags/in.svg]
[demos.adminmart.com/premium/bootstrap/modernize-bootstrap/package/dist/css/icons/flag-icon-css/flags/io.svg]
[demos.adminmart.com/premium/bootstrap/modernize-bootstrap/package/dist/css/icons/flag-icon-css/flags/iq.svg]
[demos.adminmart.com/premium/bootstrap/modernize-bootstrap/package/dist/css/icons/flag-icon-css/flags/ir.svg]
[demos.adminmart.com/premium/bootstrap/modernize-bootstrap/package/dist/css/icons/flag-icon-css/flags/is.svg]
[demos.adminmart.com/premium/bootstrap/modernize-bootstrap/package/dist/css/icons/flag-icon-css/flags/it.svg]
[demos.adminmart.com/premium/bootstrap/modernize-bootstrap/package/dist/css/icons/flag-icon-css/flags/je.svg]
[demos.adminmart.com/premium/bootstrap/modernize-bootstrap/package/dist/css/icons/flag-icon-css/flags/jm.svg]
[demos.adminmart.com/premium/bootstrap/modernize-bootstrap/package/dist/css/icons/flag-icon-css/flags/jo.svg]
[demos.adminmart.com/premium/bootstrap/modernize-bootstrap/package/dist/css/icons/flag-icon-css/flags/jp.svg]
[demos.adminmart.com/premium/bootstrap/modernize-bootstrap/package/dist/css/icons/flag-icon-css/flags/ke.svg]
[demos.adminmart.com/premium/bootstrap/modernize-bootstrap/package/dist/css/icons/flag-icon-css/flags/kg.svg]
[demos.adminmart.com/premium/bootstrap/modernize-bootstrap/package/dist/css/icons/flag-icon-css/flags/kh.svg]
[demos.adminmart.com/premium/bootstrap/modernize-bootstrap/package/dist/css/icons/flag-icon-css/flags/ki.svg]
[demos.adminmart.com/premium/bootstrap/modernize-bootstrap/package/dist/css/icons/flag-icon-css/flags/km.svg]
[demos.adminmart.com/premium/bootstrap/modernize-bootstrap/package/dist/css/icons/flag-icon-css/flags/kn.svg]
[demos.adminmart.com/premium/bootstrap/modernize-bootstrap/package/dist/css/icons/flag-icon-css/flags/kp.svg]
[demos.adminmart.com/premium/bootstrap/modernize-bootstrap/package/dist/css/icons/flag-icon-css/flags/kr.svg]
[demos.adminmart.com/premium/bootstrap/modernize-bootstrap/package/dist/css/icons/flag-icon-css/flags/kw.svg]
[demos.adminmart.com/premium/bootstrap/modernize-bootstrap/package/dist/css/icons/flag-icon-css/flags/ky.svg]
[demos.adminmart.com/premium/bootstrap/modernize-bootstrap/package/dist/css/icons/flag-icon-css/flags/kz.svg]
[demos.adminmart.com/premium/bootstrap/modernize-bootstrap/package/dist/css/icons/flag-icon-css/flags/la.svg]
[demos.adminmart.com/premium/bootstrap/modernize-bootstrap/package/dist/css/icons/flag-icon-css/flags/lb.svg]
[demos.adminmart.com/premium/bootstrap/modernize-bootstrap/package/dist/css/icons/flag-icon-css/flags/lc.svg]
[demos.adminmart.com/premium/bootstrap/modernize-bootstrap/package/dist/css/icons/flag-icon-css/flags/li.svg]
[demos.adminmart.com/premium/bootstrap/modernize-bootstrap/package/dist/css/icons/flag-icon-css/flags/lk.svg]
[demos.adminmart.com/premium/bootstrap/modernize-bootstrap/package/dist/css/icons/flag-icon-css/flags/lr.svg]
[demos.adminmart.com/premium/bootstrap/modernize-bootstrap/package/dist/css/icons/flag-icon-css/flags/ls.svg]
[demos.adminmart.com/premium/bootstrap/modernize-bootstrap/package/dist/css/icons/flag-icon-css/flags/lt.svg]
[demos.adminmart.com/premium/bootstrap/modernize-bootstrap/package/dist/css/icons/flag-icon-css/flags/lu.svg]
[demos.adminmart.com/premium/bootstrap/modernize-bootstrap/package/dist/css/icons/flag-icon-css/flags/lv.svg]
[demos.adminmart.com/premium/bootstrap/modernize-bootstrap/package/dist/css/icons/flag-icon-css/flags/ly.svg]
[demos.adminmart.com/premium/bootstrap/modernize-bootstrap/package/dist/css/icons/flag-icon-css/flags/ma.svg]
[demos.adminmart.com/premium/bootstrap/modernize-bootstrap/package/dist/css/icons/flag-icon-css/flags/mc.svg]
[demos.adminmart.com/premium/bootstrap/modernize-bootstrap/package/dist/css/icons/flag-icon-css/flags/md.svg]
[demos.adminmart.com/premium/bootstrap/modernize-bootstrap/package/dist/css/icons/flag-icon-css/flags/me.svg]
[demos.adminmart.com/premium/bootstrap/modernize-bootstrap/package/dist/css/icons/flag-icon-css/flags/mf.svg]
[demos.adminmart.com/premium/bootstrap/modernize-bootstrap/package/dist/css/icons/flag-icon-css/flags/mg.svg]
[demos.adminmart.com/premium/bootstrap/modernize-bootstrap/package/dist/css/icons/flag-icon-css/flags/mh.svg]
[demos.adminmart.com/premium/bootstrap/modernize-bootstrap/package/dist/css/icons/flag-icon-css/flags/mk.svg]
[demos.adminmart.com/premium/bootstrap/modernize-bootstrap/package/dist/css/icons/flag-icon-css/flags/ml.svg]
[demos.adminmart.com/premium/bootstrap/modernize-bootstrap/package/dist/css/icons/flag-icon-css/flags/mm.svg]
[demos.adminmart.com/premium/bootstrap/modernize-bootstrap/package/dist/css/icons/flag-icon-css/flags/mn.svg]
[demos.adminmart.com/premium/bootstrap/modernize-bootstrap/package/dist/css/icons/flag-icon-css/flags/mo.svg]
[demos.adminmart.com/premium/bootstrap/modernize-bootstrap/package/dist/css/icons/flag-icon-css/flags/mp.svg]
[demos.adminmart.com/premium/bootstrap/modernize-bootstrap/package/dist/css/icons/flag-icon-css/flags/mq.svg]
[demos.adminmart.com/premium/bootstrap/modernize-bootstrap/package/dist/css/icons/flag-icon-css/flags/mr.svg]
[demos.adminmart.com/premium/bootstrap/modernize-bootstrap/package/dist/css/icons/flag-icon-css/flags/ms.svg]
[demos.adminmart.com/premium/bootstrap/modernize-bootstrap/package/dist/css/icons/flag-icon-css/flags/mt.svg]
[demos.adminmart.com/premium/bootstrap/modernize-bootstrap/package/dist/css/icons/flag-icon-css/flags/mu.svg]
[demos.adminmart.com/premium/bootstrap/modernize-bootstrap/package/dist/css/icons/flag-icon-css/flags/mv.svg]
[demos.adminmart.com/premium/bootstrap/modernize-bootstrap/package/dist/css/icons/flag-icon-css/flags/mw.svg]
[demos.adminmart.com/premium/bootstrap/modernize-bootstrap/package/dist/css/icons/flag-icon-css/flags/mx.svg]
[demos.adminmart.com/premium/bootstrap/modernize-bootstrap/package/dist/css/icons/flag-icon-css/flags/my.svg]
[demos.adminmart.com/premium/bootstrap/modernize-bootstrap/package/dist/css/icons/flag-icon-css/flags/mz.svg]
[demos.adminmart.com/premium/bootstrap/modernize-bootstrap/package/dist/css/icons/flag-icon-css/flags/na.svg]
[demos.adminmart.com/premium/bootstrap/modernize-bootstrap/package/dist/css/icons/flag-icon-css/flags/nc.svg]
[demos.adminmart.com/premium/bootstrap/modernize-bootstrap/package/dist/css/icons/flag-icon-css/flags/ne.svg]
[demos.adminmart.com/premium/bootstrap/modernize-bootstrap/package/dist/css/icons/flag-icon-css/flags/nf.svg]
[demos.adminmart.com/premium/bootstrap/modernize-bootstrap/package/dist/css/icons/flag-icon-css/flags/ng.svg]
[demos.adminmart.com/premium/bootstrap/modernize-bootstrap/package/dist/css/icons/flag-icon-css/flags/ni.svg]
[demos.adminmart.com/premium/bootstrap/modernize-bootstrap/package/dist/css/icons/flag-icon-css/flags/nl.svg]
[demos.adminmart.com/premium/bootstrap/modernize-bootstrap/package/dist/css/icons/flag-icon-css/flags/no.svg]
[demos.adminmart.com/premium/bootstrap/modernize-bootstrap/package/dist/css/icons/flag-icon-css/flags/np.svg]
[demos.adminmart.com/premium/bootstrap/modernize-bootstrap/package/dist/css/icons/flag-icon-css/flags/nr.svg]
[demos.adminmart.com/premium/bootstrap/modernize-bootstrap/package/dist/css/icons/flag-icon-css/flags/nu.svg]
[demos.adminmart.com/premium/bootstrap/modernize-bootstrap/package/dist/css/icons/flag-icon-css/flags/nz.svg]
[demos.adminmart.com/premium/bootstrap/modernize-bootstrap/package/dist/css/icons/flag-icon-css/flags/om.svg]
[demos.adminmart.com/premium/bootstrap/modernize-bootstrap/package/dist/css/icons/flag-icon-css/flags/pa.svg]
[demos.adminmart.com/premium/bootstrap/modernize-bootstrap/package/dist/css/icons/flag-icon-css/flags/pe.svg]
[demos.adminmart.com/premium/bootstrap/modernize-bootstrap/package/dist/css/icons/flag-icon-css/flags/pf.svg]
[demos.adminmart.com/premium/bootstrap/modernize-bootstrap/package/dist/css/icons/flag-icon-css/flags/pg.svg]
[demos.adminmart.com/premium/bootstrap/modernize-bootstrap/package/dist/css/icons/flag-icon-css/flags/ph.svg]
[demos.adminmart.com/premium/bootstrap/modernize-bootstrap/package/dist/css/icons/flag-icon-css/flags/pk.svg]
[demos.adminmart.com/premium/bootstrap/modernize-bootstrap/package/dist/css/icons/flag-icon-css/flags/pl.svg]
[demos.adminmart.com/premium/bootstrap/modernize-bootstrap/package/dist/css/icons/flag-icon-css/flags/pm.svg]
[demos.adminmart.com/premium/bootstrap/modernize-bootstrap/package/dist/css/icons/flag-icon-css/flags/pn.svg]
[demos.adminmart.com/premium/bootstrap/modernize-bootstrap/package/dist/css/icons/flag-icon-css/flags/pr.svg]
[demos.adminmart.com/premium/bootstrap/modernize-bootstrap/package/dist/css/icons/flag-icon-css/flags/ps.svg]
[demos.adminmart.com/premium/bootstrap/modernize-bootstrap/package/dist/css/icons/flag-icon-css/flags/pt.svg]
[demos.adminmart.com/premium/bootstrap/modernize-bootstrap/package/dist/css/icons/flag-icon-css/flags/pw.svg]
[demos.adminmart.com/premium/bootstrap/modernize-bootstrap/package/dist/css/icons/flag-icon-css/flags/py.svg]
[demos.adminmart.com/premium/bootstrap/modernize-bootstrap/package/dist/css/icons/flag-icon-css/flags/qa.svg]
[demos.adminmart.com/premium/bootstrap/modernize-bootstrap/package/dist/css/icons/flag-icon-css/flags/re.svg]
[demos.adminmart.com/premium/bootstrap/modernize-bootstrap/package/dist/css/icons/flag-icon-css/flags/ro.svg]
[demos.adminmart.com/premium/bootstrap/modernize-bootstrap/package/dist/css/icons/flag-icon-css/flags/rs.svg]
[demos.adminmart.com/premium/bootstrap/modernize-bootstrap/package/dist/css/icons/flag-icon-css/flags/ru.svg]
[demos.adminmart.com/premium/bootstrap/modernize-bootstrap/package/dist/css/icons/flag-icon-css/flags/rw.svg]
[demos.adminmart.com/premium/bootstrap/modernize-bootstrap/package/dist/css/icons/flag-icon-css/flags/sa.svg]
[demos.adminmart.com/premium/bootstrap/modernize-bootstrap/package/dist/css/icons/flag-icon-css/flags/sb.svg]
[demos.adminmart.com/premium/bootstrap/modernize-bootstrap/package/dist/css/icons/flag-icon-css/flags/sc.svg]
[demos.adminmart.com/premium/bootstrap/modernize-bootstrap/package/dist/css/icons/flag-icon-css/flags/sd.svg]
[demos.adminmart.com/premium/bootstrap/modernize-bootstrap/package/dist/css/icons/flag-icon-css/flags/se.svg]
[demos.adminmart.com/premium/bootstrap/modernize-bootstrap/package/dist/css/icons/flag-icon-css/flags/sg.svg]
[demos.adminmart.com/premium/bootstrap/modernize-bootstrap/package/dist/css/icons/flag-icon-css/flags/sh.svg]
[demos.adminmart.com/premium/bootstrap/modernize-bootstrap/package/dist/css/icons/flag-icon-css/flags/si.svg]
[demos.adminmart.com/premium/bootstrap/modernize-bootstrap/package/dist/css/icons/flag-icon-css/flags/sj.svg]
[demos.adminmart.com/premium/bootstrap/modernize-bootstrap/package/dist/css/icons/flag-icon-css/flags/sk.svg]
[demos.adminmart.com/premium/bootstrap/modernize-bootstrap/package/dist/css/icons/flag-icon-css/flags/sl.svg]
[demos.adminmart.com/premium/bootstrap/modernize-bootstrap/package/dist/css/icons/flag-icon-css/flags/sm.svg]
[demos.adminmart.com/premium/bootstrap/modernize-bootstrap/package/dist/css/icons/flag-icon-css/flags/sn.svg]
[demos.adminmart.com/premium/bootstrap/modernize-bootstrap/package/dist/css/icons/flag-icon-css/flags/so.svg]
[demos.adminmart.com/premium/bootstrap/modernize-bootstrap/package/dist/css/icons/flag-icon-css/flags/sr.svg]
[demos.adminmart.com/premium/bootstrap/modernize-bootstrap/package/dist/css/icons/flag-icon-css/flags/ss.svg]
[demos.adminmart.com/premium/bootstrap/modernize-bootstrap/package/dist/css/icons/flag-icon-css/flags/st.svg]
[demos.adminmart.com/premium/bootstrap/modernize-bootstrap/package/dist/css/icons/flag-icon-css/flags/sv.svg]
[demos.adminmart.com/premium/bootstrap/modernize-bootstrap/package/dist/css/icons/flag-icon-css/flags/sx.svg]
[demos.adminmart.com/premium/bootstrap/modernize-bootstrap/package/dist/css/icons/flag-icon-css/flags/sy.svg]
[demos.adminmart.com/premium/bootstrap/modernize-bootstrap/package/dist/css/icons/flag-icon-css/flags/sz.svg]
[demos.adminmart.com/premium/bootstrap/modernize-bootstrap/package/dist/css/icons/flag-icon-css/flags/tc.svg]
[demos.adminmart.com/premium/bootstrap/modernize-bootstrap/package/dist/css/icons/flag-icon-css/flags/td.svg]
[demos.adminmart.com/premium/bootstrap/modernize-bootstrap/package/dist/css/icons/flag-icon-css/flags/tf.svg]
[demos.adminmart.com/premium/bootstrap/modernize-bootstrap/package/dist/css/icons/flag-icon-css/flags/tg.svg]
[demos.adminmart.com/premium/bootstrap/modernize-bootstrap/package/dist/css/icons/flag-icon-css/flags/th.svg]
[demos.adminmart.com/premium/bootstrap/modernize-bootstrap/package/dist/css/icons/flag-icon-css/flags/tj.svg]
[demos.adminmart.com/premium/bootstrap/modernize-bootstrap/package/dist/css/icons/flag-icon-css/flags/tk.svg]
[demos.adminmart.com/premium/bootstrap/modernize-bootstrap/package/dist/css/icons/flag-icon-css/flags/tl.svg]
[demos.adminmart.com/premium/bootstrap/modernize-bootstrap/package/dist/css/icons/flag-icon-css/flags/tm.svg]
[demos.adminmart.com/premium/bootstrap/modernize-bootstrap/package/dist/css/icons/flag-icon-css/flags/tn.svg]
[demos.adminmart.com/premium/bootstrap/modernize-bootstrap/package/dist/css/icons/flag-icon-css/flags/to.svg]
[demos.adminmart.com/premium/bootstrap/modernize-bootstrap/package/dist/css/icons/flag-icon-css/flags/tr.svg]
[demos.adminmart.com/premium/bootstrap/modernize-bootstrap/package/dist/css/icons/flag-icon-css/flags/tt.svg]
[demos.adminmart.com/premium/bootstrap/modernize-bootstrap/package/dist/css/icons/flag-icon-css/flags/tv.svg]
[demos.adminmart.com/premium/bootstrap/modernize-bootstrap/package/dist/css/icons/flag-icon-css/flags/tw.svg]
[demos.adminmart.com/premium/bootstrap/modernize-bootstrap/package/dist/css/icons/flag-icon-css/flags/tz.svg]
[demos.adminmart.com/premium/bootstrap/modernize-bootstrap/package/dist/css/icons/flag-icon-css/flags/ua.svg]
[demos.adminmart.com/premium/bootstrap/modernize-bootstrap/package/dist/css/icons/flag-icon-css/flags/ug.svg]
[demos.adminmart.com/premium/bootstrap/modernize-bootstrap/package/dist/css/icons/flag-icon-css/flags/um.svg]
[demos.adminmart.com/premium/bootstrap/modernize-bootstrap/package/dist/css/icons/flag-icon-css/flags/us.svg]
[demos.adminmart.com/premium/bootstrap/modernize-bootstrap/package/dist/css/icons/flag-icon-css/flags/uy.svg]
[demos.adminmart.com/premium/bootstrap/modernize-bootstrap/package/dist/css/icons/flag-icon-css/flags/uz.svg]
[demos.adminmart.com/premium/bootstrap/modernize-bootstrap/package/dist/css/icons/flag-icon-css/flags/va.svg]
[demos.adminmart.com/premium/bootstrap/modernize-bootstrap/package/dist/css/icons/flag-icon-css/flags/vc.svg]
[demos.adminmart.com/premium/bootstrap/modernize-bootstrap/package/dist/css/icons/flag-icon-css/flags/ve.svg]
[demos.adminmart.com/premium/bootstrap/modernize-bootstrap/package/dist/css/icons/flag-icon-css/flags/vg.svg]
[demos.adminmart.com/premium/bootstrap/modernize-bootstrap/package/dist/css/icons/flag-icon-css/flags/vi.svg]
[demos.adminmart.com/premium/bootstrap/modernize-bootstrap/package/dist/css/icons/flag-icon-css/flags/vn.svg]
[demos.adminmart.com/premium/bootstrap/modernize-bootstrap/package/dist/css/icons/flag-icon-css/flags/vu.svg]
[demos.adminmart.com/premium/bootstrap/modernize-bootstrap/package/dist/css/icons/flag-icon-css/flags/wf.svg]
[demos.adminmart.com/premium/bootstrap/modernize-bootstrap/package/dist/css/icons/flag-icon-css/flags/ws.svg]
[demos.adminmart.com/premium/bootstrap/modernize-bootstrap/package/dist/css/icons/flag-icon-css/flags/ye.svg]
[demos.adminmart.com/premium/bootstrap/modernize-bootstrap/package/dist/css/icons/flag-icon-css/flags/yt.svg]
[demos.adminmart.com/premium/bootstrap/modernize-bootstrap/package/dist/css/icons/flag-icon-css/flags/za.svg]
[demos.adminmart.com/premium/bootstrap/modernize-bootstrap/package/dist/css/icons/flag-icon-css/flags/zm.svg]
[demos.adminmart.com/premium/bootstrap/modernize-bootstrap/package/dist/css/icons/flag-icon-css/flags/zw.svg]
[demos.adminmart.com/premium/bootstrap/modernize-bootstrap/package/dist/css/icons/font-awesome/webfonts/fa-brands-400.svg]
[demos.adminmart.com/premium/bootstrap/modernize-bootstrap/package/dist/css/icons/font-awesome/webfonts/fa-regular-400.svg]
[demos.adminmart.com/premium/bootstrap/modernize-bootstrap/package/dist/css/icons/font-awesome/webfonts/fa-solid-900.svg]
[demos.adminmart.com/premium/bootstrap/modernize-bootstrap/package/assets/images/custom-select.html]
[demos.adminmart.com/premium/bootstrap/modernize-bootstrap/package/dist/images/shaps/warning-shap.html]
[demos.adminmart.com/premium/bootstrap/modernize-bootstrap/package/dist/images/shaps/danger-shap.html]
[demos.adminmart.com/premium/bootstrap/modernize-bootstrap/package/dist/images/shaps/info-shap.html]
[demos.adminmart.com/premium/bootstrap/modernize-bootstrap/package/dist/libs/prismjs/themes/prism-okaidia.min.css]
[demos.adminmart.com/premium/bootstrap/modernize-bootstrap/package/html/horizontal/authentication-forgot-password.html]
[demos.adminmart.com/premium/bootstrap/modernize-bootstrap/package/html/horizontal/details.html]
[demos.adminmart.com/premium/bootstrap/modernize-bootstrap/package/dist/libs/bootstrap-touchspin/dist/jquery.bootstrap-touchspin.min.css]
[demos.adminmart.com/premium/bootstrap/modernize-bootstrap/package/dist/libs/bootstrap-switch/dist/css/bootstrap3/bootstrap-switch.min.css]
[demos.adminmart.com/premium/bootstrap/modernize-bootstrap/package/dist/libs/select2/dist/css/select2.min.css]
[demos.adminmart.com/premium/bootstrap/modernize-bootstrap/package/dist/libs/bootstrap-duallistbox/dist/bootstrap-duallistbox.min.css]
[demos.adminmart.com/premium/bootstrap/modernize-bootstrap/package/dist/libs/quill/dist/quill.snow.css]
[demos.adminmart.com/premium/bootstrap/modernize-bootstrap/package/dist/libs/datatables.net-bs5/css/dataTables.bootstrap5.min.css]
